Microchip MPLAB XC8 Compiler V1.35 ()

Linker command line:

--edf=C:\Program Files (x86)\Microchip\xc8\v1.35\dat\en_msgs.txt -cs \
  -h+dist/default/debug\PIC_I2C-CAN.X.debug.sym \
  --cmf=dist/default/debug\PIC_I2C-CAN.X.debug.cmf -z -Q18F26K80 \
  -oC:\Users\E\AppData\Local\Temp\s508.2 \
  -Mdist/default/debug/PIC_I2C-CAN.X.debug.map -E1 -ver=XC8 \
  -ASTACK=050Eh-0e40h -pstack=STACK -ACODE=00h-0FFFFh -ACONST=00h-0FFFFh \
  -ASMALLCONST=0F00h-0FFFhx241 -AMEDIUMCONST=0F00h-0FFFFh -ACOMRAM=01h-05Fh \
  -AABS1=00h-0E40h -ABIGRAM=01h-0E40h \
  -ARAM=060h-0FFh,0100h-01FFhx13,0E00h-0E40h -ABANK0=060h-0FFh \
  -ABANK1=0100h-01FFh -ABANK2=0200h-02FFh -ABANK3=0300h-03FFh \
  -ABANK4=0400h-04FFh -ABANK5=0500h-05FFh -ABANK6=0600h-06FFh \
  -ABANK7=0700h-07FFh -ABANK8=0800h-08FFh -ABANK9=0900h-09FFh \
  -ABANK10=0A00h-0AFFh -ABANK11=0B00h-0BFFh -ABANK12=0C00h-0CFFh \
  -ABANK13=0D00h-0DFFh -ABANK14=0E00h-0E40h \
  -ASFR=0E41h-0EFFh,0F00h-0F5Fh,0F60h-0FFCh \
  -preset_vec=00h,intcode=08h,intcodelo,powerup,init,end_init \
  -pramtop=0F00h -psmallconst=SMALLCONST -pmediumconst=MEDIUMCONST \
  -pconst=CONST -AFARRAM=00h-00h -ACONFIG=0300000h-030000Dh -pconfig=CONFIG \
  -AIDLOC=0200000h-0200007h -pidloc=IDLOC -AEEDATA=0F00000h-0F003FFh \
  -peeprom_data=EEDATA \
  -prdata=COMRAM,nvrram=COMRAM,nvbit=COMRAM,rbss=COMRAM,rbit=COMRAM \
  -pfarbss=FARRAM,fardata=FARRAM,nvFARRAM=FARRAM \
  -pintsave_regs=BIGRAM,bigbss=BIGRAM,bigdata=BIGRAM -pbss=RAM \
  -pidata=CODE,irdata=CODE,ibigdata=CODE,ifardata=CODE -prparam=COMRAM \
  C:\Users\E\AppData\Local\Temp\s508.obj \
  dist/default/debug\PIC_I2C-CAN.X.debug.obj 

Object code version is 3.11

Machine type is 18F26K80

Call graph: (short form)




                Name                               Link     Load   Length Selector   Space Scale
C:\Users\E\AppData\Local\Temp\s508.obj
                end_init                             98       98        4        4       0
                reset_vec                             0        0        6        0       0
                idloc                            200000   200000        8   200000       0
                config                           300000   300000        E   300000       0
dist/default/debug\PIC_I2C-CAN.X.debug.obj
                intcode                               8        8       90        4       0
                temp                                 42       42        1        1       1
                text9                               886      886        4        4       0
                text7                               64E      64E      12A        4       0
                text6                               84A      84A       1A        4       0
                text5                               7CE      7CE       54        4       0
                text4                               864      864       12        4       0
                text3                                9C       9C      31C        4       0
                text2                               3B8      3B8      296        4       0
                text1                               876      876        A        4       0
                text0                               822      822       28        4       0
                cstackCOMRAM                         25       25       17        1       1
                cstackBANK0                          60       60       A0       60       1
                cstackBANK1                         100      100       16      100       1
                bssBIGRAM                           126      126      3E8      126       1
                bssBANK1                            116      116       10      100       1
                dataCOMRAM                           3C       3C        6        1       1
                bssCOMRAM                             1        1       24        1       1
                cinit                               778      778       56        4       0
                idataCOMRAM                         880      880        6        4       0

TOTAL           Name                               Link     Load   Length     Space
        CLASS   STACK          

        CLASS   CODE           
                end_init                             98       98        4         0
                intcode                               8        8       90         0
                reset_vec                             0        0        6         0
                text9                               886      886        4         0
                text7                               64E      64E      12A         0
                text6                               84A      84A       1A         0
                text5                               7CE      7CE       54         0
                text4                               864      864       12         0
                text3                                9C       9C      31C         0
                text2                               3B8      3B8      296         0
                text1                               876      876        A         0
                text0                               822      822       28         0
                cinit                               778      778       56         0
                idataCOMRAM                         880      880        6         0

        CLASS   CONST          

        CLASS   SMALLCONST     

        CLASS   MEDIUMCONST    

        CLASS   COMRAM         
                temp                                 42       42        1         1
                cstackCOMRAM                         25       25       17         1
                dataCOMRAM                           3C       3C        6         1
                bssCOMRAM                             1        1       24         1

        CLASS   ABS1           

        CLASS   BIGRAM         
                bssBIGRAM                           126      126      3E8         1

        CLASS   RAM            

        CLASS   BANK0          
                cstackBANK0                          60       60       A0         1

        CLASS   BANK1          
                cstackBANK1                         100      100       16         1
                bssBANK1                            116      116       10         1

        CLASS   BANK2          

        CLASS   BANK3          

        CLASS   BANK4          

        CLASS   BANK5          

        CLASS   BANK6          

        CLASS   BANK7          

        CLASS   BANK8          

        CLASS   BANK9          

        CLASS   BANK10         

        CLASS   BANK11         

        CLASS   BANK12         

        CLASS   BANK13         

        CLASS   BANK14         

        CLASS   SFR            

        CLASS   FARRAM         

        CLASS   CONFIG         
                config                           300000   300000        E         0

        CLASS   IDLOC          
                idloc                            200000   200000        8         0

        CLASS   EEDATA         



SEGMENTS        Name                           Load    Length   Top    Selector   Space  Class

                reset_vec                      000000  000006  000006         0       0  CODE    
                bssCOMRAM                      000001  000042  000043         1       1  COMRAM  
                intcode                        000008  000882  00088A         4       0  CODE    
                cstackBANK0                    000060  0000A0  000100        60       1  BANK0   
                cstackBANK1                    000100  000026  000126       100       1  BANK1   
                bssBIGRAM                      000126  0003E8  00050E       126       1  BIGRAM  
                idloc                          200000  000008  200008    200000       0  IDLOC   
                config                         300000  00000E  30000E    300000       0  CONFIG  


UNUSED ADDRESS RANGES

        Name                Unused          Largest block    Delta
        BANK10           000A00-000AFF              100
        BANK11           000B00-000BFF              100
        BANK12           000C00-000CFF              100
        BANK13           000D00-000DFF              100
        BANK14           000E00-000E40               41
        BANK5            00050E-0005FF               F2
        BANK6            000600-0006FF              100
        BANK7            000700-0007FF              100
        BANK8            000800-0008FF              100
        BANK9            000900-0009FF              100
        BIGRAM           000043-00005F               1D
                         00050E-000E40              933
        CODE             000006-000007                2
                         00088A-00FFFF             F776
        COMRAM           000043-00005F               1D
        CONST            000006-000007                2
                         00088A-00FFFF             F776
        EEDATA           F00000-F003FF              400
        MEDIUMCONST      000F00-00FFFF             F100
        RAM              00050E-000E40              100
        SFR              000E41-000FFC               BF
        SMALLCONST       000F00-00FFFF              100
        STACK            00050E-000E40              933

                                  Symbol Table

Delay@count               cstackCOMRAM 000033
_ANCON0                   (abs)        000F5D
_ANCON1                   (abs)        000F5C
_B0CONbits                (abs)        000E80
_B0D0                     (abs)        000E86
_B0D1                     (abs)        000E87
_B0D2                     (abs)        000E88
_B0D3                     (abs)        000E89
_B0D4                     (abs)        000E8A
_B0D5                     (abs)        000E8B
_B0D6                     (abs)        000E8C
_B0D7                     (abs)        000E8D
_B0DLC                    (abs)        000E85
_B0EIDH                   (abs)        000E83
_B0EIDL                   (abs)        000E84
_B0SIDH                   (abs)        000E81
_B0SIDL                   (abs)        000E82
_BATTERISTATUS_ID         dataCOMRAM   000040
_BRGCON1                  (abs)        000E43
_BRGCON2                  (abs)        000E44
_BRGCON3                  (abs)        000E45
_BSEL0                    (abs)        000E7D
_CANCON                   (abs)        000F6F
_CANSTATbits              (abs)        000F6E
_CANSetup                 text7        00064E
_Delay                    text4        000864
_ECANCON                  (abs)        000F72
_I2CSetup                 text6        00084A
_I2C_FLAG                 bssCOMRAM    000001
_INTCONbits               (abs)        000FF2
_ISR                      intcode      000008
_InitDevice               text5        0007CE
_Interrupt_counter        bssCOMRAM    000003
_LATAbits                 (abs)        000F89
_LATCbits                 (abs)        000F8B
_MAP_HEARTBEAT            bssCOMRAM    000005
_MOTOR_ID                 dataCOMRAM   000041
_MSEL0                    (abs)        000E79
_MSEL1                    (abs)        000E7A
_MSEL2                    (abs)        000E7B
_MSEL3                    (abs)        000E7C
_OSCCON                   (abs)        000FD3
_OSCCONbits               (abs)        000FD3
_OSCTUNEbits              (abs)        000F9B
_PIE1bits                 (abs)        000F9D
_PIR1bits                 (abs)        000F9E
_PIR5bits                 (abs)        000F77
_RCONbits                 (abs)        000FD0
_RECEIVE_ID               bssCOMRAM    000013
_RXB0CON                  (abs)        000F60
_RXB0CONbits              (abs)        000F60
_RXB0D0                   (abs)        000F66
_RXB0D1                   (abs)        000F67
_RXB0D2                   (abs)        000F68
_RXB0D3                   (abs)        000F69
_RXB0D4                   (abs)        000F6A
_RXB0D5                   (abs)        000F6B
_RXB0D6                   (abs)        000F6C
_RXB0D7                   (abs)        000F6D
_RXB0DLC                  (abs)        000F65
_RXB0EIDH                 (abs)        000F63
_RXB0EIDL                 (abs)        000F64
_RXB0SIDH                 (abs)        000F61
_RXB0SIDL                 (abs)        000F62
_RXB1CON                  (abs)        000F30
_RXB1CONbits              (abs)        000F30
_RXB1D0                   (abs)        000F36
_RXB1D1                   (abs)        000F37
_RXB1D2                   (abs)        000F38
_RXB1D3                   (abs)        000F39
_RXB1D4                   (abs)        000F3A
_RXB1D5                   (abs)        000F3B
_RXB1D6                   (abs)        000F3C
_RXB1D7                   (abs)        000F3D
_RXB1DLC                  (abs)        000F35
_RXB1EIDH                 (abs)        000F33
_RXB1EIDL                 (abs)        000F34
_RXB1SIDH                 (abs)        000F31
_RXB1SIDL                 (abs)        000F32
_RXF0EIDH                 (abs)        000EE2
_RXF0EIDL                 (abs)        000EE3
_RXF0SIDH                 (abs)        000EE0
_RXF0SIDL                 (abs)        000EE1
_RXF1EIDH                 (abs)        000EE6
_RXF1EIDL                 (abs)        000EE7
_RXF1SIDH                 (abs)        000EE4
_RXF1SIDL                 (abs)        000EE5
_RXF2EIDH                 (abs)        000EEA
_RXF2EIDL                 (abs)        000EEB
_RXF2SIDH                 (abs)        000EE8
_RXF2SIDL                 (abs)        000EE9
_RXFBCON0                 (abs)        000E71
_RXFBCON1                 (abs)        000E72
_RXFBCON2                 (abs)        000E73
_RXFBCON3                 (abs)        000E74
_RXFBCON4                 (abs)        000E75
_RXFBCON5                 (abs)        000E76
_RXFBCON6                 (abs)        000E77
_RXFBCON7                 (abs)        000E78
_RXFCON0                  (abs)        000E46
_RXFCON1                  (abs)        000E47
_RXM0EIDH                 (abs)        000EFA
_RXM0EIDL                 (abs)        000EFB
_RXM0SIDH                 (abs)        000EF8
_RXM0SIDL                 (abs)        000EF9
_RXM1EIDH                 (abs)        000EFE
_RXM1EIDL                 (abs)        000EFF
_RXM1SIDH                 (abs)        000EFC
_RXM1SIDL                 (abs)        000EFD
_SSPADD                   (abs)        000FC8
_SSPBUF                   (abs)        000FC9
_SSPCON1                  (abs)        000FC6
_SSPCON1bits              (abs)        000FC6
_SSPCON2                  (abs)        000FC5
_SSPSTAT                  (abs)        000FC7
_SSPSTATbits              (abs)        000FC7
_T0CONbits                (abs)        000FD5
_TRISA                    (abs)        000F92
_TRISB                    (abs)        000F93
_TRISC                    (abs)        000F94
_TXB0CONbits              (abs)        000F20
_TXB0D0                   (abs)        000F26
_TXB0D1                   (abs)        000F27
_TXB0D2                   (abs)        000F28
_TXB0D3                   (abs)        000F29
_TXB0D4                   (abs)        000F2A
_TXB0D5                   (abs)        000F2B
_TXB0D6                   (abs)        000F2C
_TXB0D7                   (abs)        000F2D
_TXB0DLC                  (abs)        000F25
_TXB0EIDH                 (abs)        000F23
_TXB0EIDL                 (abs)        000F24
_TXB0SIDH                 (abs)        000F21
_TXB0SIDL                 (abs)        000F22
__CFG_BBSIZ$BB2K          (abs)        000000
__CFG_BOREN$SBORDIS       (abs)        000000
__CFG_BORPWR$ZPBORMV      (abs)        000000
__CFG_BORV$3              (abs)        000000
__CFG_CANMX$PORTB         (abs)        000000
__CFG_CP0$OFF             (abs)        000000
__CFG_CP1$OFF             (abs)        000000
__CFG_CP2$OFF             (abs)        000000
__CFG_CP3$OFF             (abs)        000000
__CFG_CPB$OFF             (abs)        000000
__CFG_CPD$OFF             (abs)        000000
__CFG_EBTR0$OFF           (abs)        000000
__CFG_EBTR1$OFF           (abs)        000000
__CFG_EBTR2$OFF           (abs)        000000
__CFG_EBTR3$OFF           (abs)        000000
__CFG_EBTRB$OFF           (abs)        000000
__CFG_FCMEN$OFF           (abs)        000000
__CFG_FOSC$INTIO2         (abs)        000000
__CFG_IESO$OFF            (abs)        000000
__CFG_INTOSCSEL$HIGH      (abs)        000000
__CFG_MCLRE$ON            (abs)        000000
__CFG_MSSPMSK$MSK7        (abs)        000000
__CFG_PLLCFG$OFF          (abs)        000000
__CFG_PWRTEN$OFF          (abs)        000000
__CFG_RETEN$OFF           (abs)        000000
__CFG_SOSCSEL$HIGH        (abs)        000000
__CFG_STVREN$ON           (abs)        000000
__CFG_WDTEN$SWDTDIS       (abs)        000000
__CFG_WDTPS$1048576       (abs)        000000
__CFG_WRT0$OFF            (abs)        000000
__CFG_WRT1$OFF            (abs)        000000
__CFG_WRT2$OFF            (abs)        000000
__CFG_WRT3$OFF            (abs)        000000
__CFG_WRTB$OFF            (abs)        000000
__CFG_WRTC$OFF            (abs)        000000
__CFG_WRTD$OFF            (abs)        000000
__CFG_XINST$OFF           (abs)        000000
__HRAM                    (abs)        000000
__Habs1                   abs1         000000
__Hbank0                  bank0        000000
__Hbank1                  bank1        000000
__Hbank10                 bank10       000000
__Hbank11                 bank11       000000
__Hbank12                 bank12       000000
__Hbank13                 bank13       000000
__Hbank14                 bank14       000000
__Hbank2                  bank2        000000
__Hbank3                  bank3        000000
__Hbank4                  bank4        000000
__Hbank5                  bank5        000000
__Hbank6                  bank6        000000
__Hbank7                  bank7        000000
__Hbank8                  bank8        000000
__Hbank9                  bank9        000000
__Hbigbss                 bigbss       000000
__Hbigdata                bigdata      000000
__Hbigram                 bigram       000000
__Hbss                    bss          000000
__HbssBANK1               bssBANK1     000000
__HbssBIGRAM              bssBIGRAM    000000
__HbssCOMRAM              bssCOMRAM    000000
__Hcinit                  cinit        000000
__Hclrtext                clrtext      000000
__Hcomram                 comram       000000
__Hconfig                 config       30000E
__Hconst                  const        000000
__HcstackBANK0            cstackBANK0  000000
__HcstackBANK1            cstackBANK1  000000
__HcstackCOMRAM           cstackCOMRAM 000000
__Hdata                   data         000000
__HdataCOMRAM             dataCOMRAM   000000
__Heeprom_data            eeprom_data  000000
__Hend_init               end_init     00009C
__Hfarbss                 farbss       000000
__Hfardata                fardata      000000
__Hibigdata               ibigdata     000000
__Hidata                  idata        000000
__HidataCOMRAM            idataCOMRAM  000000
__Hidloc                  idloc        200008
__Hifardata               ifardata     000000
__Hinit                   init         000098
__Hintcode                intcode      000098
__Hintcode_body           intcode_body 000000
__Hintcodelo              intcodelo    000098
__Hintentry               intentry     000000
__Hintret                 intret       000000
__Hintsave_regs           intsave_regs 000000
__Hirdata                 irdata       000000
__Hmediumconst            mediumconst  000000
__HnvFARRAM               nvFARRAM     000000
__Hnvbit                  nvbit        000000
__Hnvrram                 nvrram       000000
__Hparam                  rparam       000000
__Hpowerup                powerup      000098
__Hram                    ram          000000
__Hramtop                 ramtop       000F00
__Hrbit                   rbit         000000
__Hrbss                   rbss         000000
__Hrdata                  rdata        000000
__Hreset_vec              reset_vec    000006
__Hrparam                 rparam       000000
__Hsfr                    sfr          000000
__Hsmallconst             smallconst   000000
__Hspace_0                (abs)        30000E
__Hspace_1                (abs)        00050E
__Hspace_2                (abs)        000000
__Hstack                  stack        000000
__Hstruct                 struct       000000
__Htemp                   temp         000043
__Htext                   text         000000
__Htext0                  text0        000000
__Htext1                  text1        000000
__Htext2                  text2        000000
__Htext3                  text3        000000
__Htext4                  text4        000000
__Htext5                  text5        000000
__Htext6                  text6        000000
__Htext7                  text7        000000
__Htext9                  text9        000000
__LRAM                    (abs)        000001
__Labs1                   abs1         000000
__Lbank0                  bank0        000000
__Lbank1                  bank1        000000
__Lbank10                 bank10       000000
__Lbank11                 bank11       000000
__Lbank12                 bank12       000000
__Lbank13                 bank13       000000
__Lbank14                 bank14       000000
__Lbank2                  bank2        000000
__Lbank3                  bank3        000000
__Lbank4                  bank4        000000
__Lbank5                  bank5        000000
__Lbank6                  bank6        000000
__Lbank7                  bank7        000000
__Lbank8                  bank8        000000
__Lbank9                  bank9        000000
__Lbigbss                 bigbss       000000
__Lbigdata                bigdata      000000
__Lbigram                 bigram       000000
__Lbss                    bss          000000
__LbssBANK1               bssBANK1     000000
__LbssBIGRAM              bssBIGRAM    000000
__LbssCOMRAM              bssCOMRAM    000000
__Lcinit                  cinit        000000
__Lclrtext                clrtext      000000
__Lcomram                 comram       000000
__Lconfig                 config       300000
__Lconst                  const        000000
__LcstackBANK0            cstackBANK0  000000
__LcstackBANK1            cstackBANK1  000000
__LcstackCOMRAM           cstackCOMRAM 000000
__Ldata                   data         000000
__LdataCOMRAM             dataCOMRAM   000000
__Leeprom_data            eeprom_data  000000
__Lend_init               end_init     000098
__Lfarbss                 farbss       000000
__Lfardata                fardata      000000
__Libigdata               ibigdata     000000
__Lidata                  idata        000000
__LidataCOMRAM            idataCOMRAM  000000
__Lidloc                  idloc        200000
__Lifardata               ifardata     000000
__Linit                   init         000098
__Lintcode                intcode      000008
__Lintcode_body           intcode_body 000000
__Lintcodelo              intcodelo    000098
__Lintentry               intentry     000000
__Lintret                 intret       000000
__Lintsave_regs           intsave_regs 000000
__Lirdata                 irdata       000000
__Lmediumconst            mediumconst  000000
__LnvFARRAM               nvFARRAM     000000
__Lnvbit                  nvbit        000000
__Lnvrram                 nvrram       000000
__Lparam                  rparam       000000
__Lpowerup                powerup      000098
__Lram                    ram          000000
__Lramtop                 ramtop       000F00
__Lrbit                   rbit         000000
__Lrbss                   rbss         000000
__Lrdata                  rdata        000000
__Lreset_vec              reset_vec    000000
__Lrparam                 rparam       000000
__Lsfr                    sfr          000000
__Lsmallconst             smallconst   000000
__Lspace_0                (abs)        000000
__Lspace_1                (abs)        000000
__Lspace_2                (abs)        000000
__Lstack                  stack        000000
__Lstruct                 struct       000000
__Ltemp                   temp         000042
__Ltext                   text         000000
__Ltext0                  text0        000000
__Ltext1                  text1        000000
__Ltext2                  text2        000000
__Ltext3                  text3        000000
__Ltext4                  text4        000000
__Ltext5                  text5        000000
__Ltext6                  text6        000000
__Ltext7                  text7        000000
__Ltext9                  text9        000000
__S0                      (abs)        30000E
__S1                      (abs)        00050E
__S2                      (abs)        000000
___inthi_sp               stack        000000
___intlo_sp               stack        000000
___param_bank             (abs)        000010
___rparam_used            (abs)        000001
___sp                     stack        000000
__accesstop               (abs)        000060
__activetblptr            (abs)        000000
__end_of_CANSetup         text7        000778
__end_of_Delay            text4        000876
__end_of_I2CSetup         text6        000864
__end_of_ISR              intcode      000098
__end_of_InitDevice       text5        000822
__end_of__initialization  cinit        0007C4
__end_of_callback         text9        00088A
__end_of_checkRFID        text2        00064E
__end_of_main             text0        00084A
__end_of_process_buf      text3        0003B8
__end_of_setup_Interrupt  text1        000880
__initialization          cinit        000778
__mediumconst             mediumconst  000000
__pbssBANK1               bssBANK1     000116
__pbssBIGRAM              bssBIGRAM    000126
__pbssCOMRAM              bssCOMRAM    000001
__pcinit                  cinit        000778
__pcstackBANK0            cstackBANK0  000060
__pcstackBANK1            cstackBANK1  000100
__pcstackCOMRAM           cstackCOMRAM 000025
__pdataCOMRAM             dataCOMRAM   00003C
__pidataCOMRAM            idataCOMRAM  000880
__pintcode                intcode      000008
__ptext0                  text0        000822
__ptext1                  text1        000876
__ptext2                  text2        0003B8
__ptext3                  text3        00009C
__ptext4                  text4        000864
__ptext5                  text5        0007CE
__ptext6                  text6        00084A
__ptext7                  text7        00064E
__ptext9                  text9        000886
__ramtop                  ramtop       000F00
__size_of_CANSetup        (abs)        000000
__size_of_Delay           (abs)        000000
__size_of_I2CSetup        (abs)        000000
__size_of_ISR             (abs)        000000
__size_of_InitDevice      (abs)        000000
__size_of_callback        (abs)        000000
__size_of_checkRFID       (abs)        000000
__size_of_main            (abs)        000000
__size_of_process_buf     (abs)        000000
__size_of_setup_Interrupt (abs)        000000
__smallconst              smallconst   000000
_bitlenctr                bssCOMRAM    000007
_bufnum                   bssCOMRAM    000009
_buttonWasPressed         bssCOMRAM    000014
_callback                 text9        000886
_checkRFID                text2        0003B8
_count                    bssCOMRAM    000015
_curState                 bssCOMRAM    00000B
_heartbeatCount           bssCOMRAM    00000D
_i2c_byte_count           bssCOMRAM    000016
_i2c_reg_addr             bssCOMRAM    000017
_i2c_reg_map              bssBANK1     000116
_inPin                    dataCOMRAM   00003C
_index                    bssCOMRAM    00000F
_ledPin                   dataCOMRAM   00003E
_main                     text0        000822
_process_buf              text3        00009C
_raw                      bssBIGRAM    000126
_setup_Interrupt          text1        000876
_temp_D0                  bssCOMRAM    000018
_temp_D1                  bssCOMRAM    000019
_temp_D2                  bssCOMRAM    00001A
_temp_D3                  bssCOMRAM    00001B
_temp_D4                  bssCOMRAM    00001C
_temp_D5                  bssCOMRAM    00001D
_temp_D6                  bssCOMRAM    00001E
_temp_D7                  bssCOMRAM    00001F
_temp_DLC                 bssCOMRAM    000020
_temp_EIDH                bssCOMRAM    000021
_temp_EIDL                bssCOMRAM    000022
_temp_SIDH                bssCOMRAM    000023
_temp_SIDL                bssCOMRAM    000024
_val                      bssCOMRAM    000011
btemp                     temp         000042
checkRFID@i               cstackBANK1  00010A
checkRFID@i_1813          cstackBANK1  000114
checkRFID@i_1818          cstackBANK1  000112
checkRFID@lastv           cstackBANK1  00010C
checkRFID@samecnt         cstackBANK1  000108
checkRFID@start           cstackBANK1  00010E
checkRFID@tot0            cstackBANK1  000102
checkRFID@tot1            cstackBANK1  000100
checkRFID@tote            cstackBANK1  000104
checkRFID@totp            cstackBANK1  000106
checkRFID@v               cstackBANK1  000110
end_of_initialization     cinit        0007C4
int$flags                 temp         000042
intlevel0                 text         000000
intlevel1                 text         000000
intlevel2                 text         000000
intlevel3                 text         000000
process_buf@code          cstackBANK0  0000EA
process_buf@final         cstackBANK0  0000BB
process_buf@findex        cstackBANK0  0000F0
process_buf@i             cstackBANK0  0000F2
process_buf@i_1827        cstackBANK0  0000FE
process_buf@i_1831        cstackBANK0  0000F4
process_buf@i_1834        cstackBANK0  0000F6
process_buf@k             cstackBANK0  0000EE
process_buf@lastv         cstackBANK0  0000FA
process_buf@manch         cstackBANK0  000060
process_buf@manchindex    cstackBANK0  0000F8
process_buf@par           cstackBANK0  0000EC
process_buf@paritybit     cstackBANK0  0000E8
process_buf@samecnt       cstackBANK0  0000FC
process_buf@start         cstackCOMRAM 000033
stackhi                   (abs)        000E40
stacklo                   (abs)        00050E
start                     init         000098
start_initialization      cinit        000778


FUNCTION INFORMATION:

 *************** function _main *****************
 Defined at:
		line 23 in file "main.c"
 Parameters:    Size  Location     Type
		None
 Auto vars:     Size  Location     Type
		None
 Return value:  Size  Location     Type
                  2   54[None  ] int 
 Registers used:
		wreg, fsr1l, fsr1h, fsr2l, fsr2h, status,2, status,0, cstack
 Tracked objects:
		On entry : 
		On exit  : 
		Unchanged: 
 Data sizes:     COMRAM   BANK0   BANK1   BANK2   BANK3   BANK4   BANK5   BANK6   BANK7   BANK8   BANK9  BANK10  BANK11  BANK12  BANK13  BANK14
      Params:         0       0       0       0       0       0       0       0       0       0       0       0       0       0       0       0
      Locals:         0       0       0       0       0       0       0       0       0       0       0       0       0       0       0       0
      Temps:          0       0       0       0       0       0       0       0       0       0       0       0       0       0       0       0
      Totals:         0       0       0       0       0       0       0       0       0       0       0       0       0       0       0       0
Total ram usage:        0 bytes
 Hardware stack levels required when called:    4
 This function calls:
		_CANSetup
		_Delay
		_I2CSetup
		_InitDevice
		_checkRFID
		_setup_Interrupt
 This function is called by:
		Startup code after reset
 This function uses a non-reentrant model


 *************** function _setup_Interrupt *****************
 Defined at:
		line 55 in file "Other.c"
 Parameters:    Size  Location     Type
		None
 Auto vars:     Size  Location     Type
		None
 Return value:  Size  Location     Type
                  2    6[None  ] int 
 Registers used:
		None
 Tracked objects:
		On entry : 
		On exit  : 
		Unchanged: 
 Data sizes:     COMRAM   BANK0   BANK1   BANK2   BANK3   BANK4   BANK5   BANK6   BANK7   BANK8   BANK9  BANK10  BANK11  BANK12  BANK13  BANK14
      Params:         0       0       0       0       0       0       0       0       0       0       0       0       0       0       0       0
      Locals:         0       0       0       0       0       0       0       0       0       0       0       0       0       0       0       0
      Temps:          0       0       0       0       0       0       0       0       0       0       0       0       0       0       0       0
      Totals:         0       0       0       0       0       0       0       0       0       0       0       0       0       0       0       0
Total ram usage:        0 bytes
 Hardware stack levels used:    1
 Hardware stack levels required when called:    2
 This function calls:
		Nothing
 This function is called by:
		_main
 This function uses a non-reentrant model


 *************** function _checkRFID *****************
 Defined at:
		line 92 in file "RFID.c"
 Parameters:    Size  Location     Type
		None
 Auto vars:     Size  Location     Type
  v               2   16[BANK1 ] int 
  i               2   10[BANK1 ] int 
  i               2   18[BANK1 ] int 
  i               2   20[BANK1 ] int 
  start           2   14[BANK1 ] int 
  lastv           2   12[BANK1 ] int 
  samecnt         2    8[BANK1 ] int 
  totp            2    6[BANK1 ] int 
  tote            2    4[BANK1 ] int 
  tot0            2    2[BANK1 ] int 
  tot1            2    0[BANK1 ] int 
 Return value:  Size  Location     Type
		None               void
 Registers used:
		wreg, fsr1l, fsr1h, fsr2l, fsr2h, status,2, status,0, cstack
 Tracked objects:
		On entry : 
		On exit  : 
		Unchanged: 
 Data sizes:     COMRAM   BANK0   BANK1   BANK2   BANK3   BANK4   BANK5   BANK6   BANK7   BANK8   BANK9  BANK10  BANK11  BANK12  BANK13  BANK14
      Params:         0       0       0       0       0       0       0       0       0       0       0       0       0       0       0       0
      Locals:         0       0      22       0       0       0       0       0       0       0       0       0       0       0       0       0
      Temps:          4       0       0       0       0       0       0       0       0       0       0       0       0       0       0       0
      Totals:         4       0      22       0       0       0       0       0       0       0       0       0       0       0       0       0
Total ram usage:       26 bytes
 Hardware stack levels used:    1
 Hardware stack levels required when called:    3
 This function calls:
		_Delay
		_process_buf
 This function is called by:
		_main
 This function uses a non-reentrant model


 *************** function _process_buf *****************
 Defined at:
		line 210 in file "RFID.c"
 Parameters:    Size  Location     Type
  start           2   14[COMRAM] int 
 Auto vars:     Size  Location     Type
  i               2  150[BANK0 ] int 
  i               2  148[BANK0 ] int 
  k               2  142[BANK0 ] int 
  i               2  158[BANK0 ] int 
  findex          2  144[BANK0 ] int 
  i               2  146[BANK0 ] int 
  manch          91    0[BANK0 ] unsigned char [91]
  final          45   91[BANK0 ] unsigned char [45]
  samecnt         2  156[BANK0 ] int 
  lastv           2  154[BANK0 ] int 
  manchindex      2  152[BANK0 ] int 
  par             2  140[BANK0 ] int 
  code            2  138[BANK0 ] int 
  paritybit       2  136[BANK0 ] int 
 Return value:  Size  Location     Type
		None               void
 Registers used:
		wreg, fsr2l, fsr2h, status,2, status,0
 Tracked objects:
		On entry : 
		On exit  : 
		Unchanged: 
 Data sizes:     COMRAM   BANK0   BANK1   BANK2   BANK3   BANK4   BANK5   BANK6   BANK7   BANK8   BANK9  BANK10  BANK11  BANK12  BANK13  BANK14
      Params:         2       0       0       0       0       0       0       0       0       0       0       0       0       0       0       0
      Locals:         0     160       0       0       0       0       0       0       0       0       0       0       0       0       0       0
      Temps:          3       0       0       0       0       0       0       0       0       0       0       0       0       0       0       0
      Totals:         5     160       0       0       0       0       0       0       0       0       0       0       0       0       0       0
Total ram usage:      165 bytes
 Hardware stack levels used:    1
 Hardware stack levels required when called:    2
 This function calls:
		Nothing
 This function is called by:
		_checkRFID
 This function uses a non-reentrant model


 *************** function _Delay *****************
 Defined at:
		line 65 in file "Other.c"
 Parameters:    Size  Location     Type
  count           2   14[COMRAM] unsigned int 
 Auto vars:     Size  Location     Type
		None
 Return value:  Size  Location     Type
		None               void
 Registers used:
		wreg, status,2, status,0
 Tracked objects:
		On entry : 
		On exit  : 
		Unchanged: 
 Data sizes:     COMRAM   BANK0   BANK1   BANK2   BANK3   BANK4   BANK5   BANK6   BANK7   BANK8   BANK9  BANK10  BANK11  BANK12  BANK13  BANK14
      Params:         2       0       0       0       0       0       0       0       0       0       0       0       0       0       0       0
      Locals:         0       0       0       0       0       0       0       0       0       0       0       0       0       0       0       0
      Temps:          0       0       0       0       0       0       0       0       0       0       0       0       0       0       0       0
      Totals:         2       0       0       0       0       0       0       0       0       0       0       0       0       0       0       0
Total ram usage:        2 bytes
 Hardware stack levels used:    1
 Hardware stack levels required when called:    2
 This function calls:
		Nothing
 This function is called by:
		_main
		_checkRFID
		_checkCAN
 This function uses a non-reentrant model


 *************** function _InitDevice *****************
 Defined at:
		line 6 in file "Other.c"
 Parameters:    Size  Location     Type
		None
 Auto vars:     Size  Location     Type
		None
 Return value:  Size  Location     Type
		None               void
 Registers used:
		wreg, status,2
 Tracked objects:
		On entry : 
		On exit  : 
		Unchanged: 
 Data sizes:     COMRAM   BANK0   BANK1   BANK2   BANK3   BANK4   BANK5   BANK6   BANK7   BANK8   BANK9  BANK10  BANK11  BANK12  BANK13  BANK14
      Params:         0       0       0       0       0       0       0       0       0       0       0       0       0       0       0       0
      Locals:         0       0       0       0       0       0       0       0       0       0       0       0       0       0       0       0
      Temps:          0       0       0       0       0       0       0       0       0       0       0       0       0       0       0       0
      Totals:         0       0       0       0       0       0       0       0       0       0       0       0       0       0       0       0
Total ram usage:        0 bytes
 Hardware stack levels used:    1
 Hardware stack levels required when called:    2
 This function calls:
		Nothing
 This function is called by:
		_main
 This function uses a non-reentrant model


 *************** function _I2CSetup *****************
 Defined at:
		line 4 in file "I2C.c"
 Parameters:    Size  Location     Type
		None
 Auto vars:     Size  Location     Type
		None
 Return value:  Size  Location     Type
		None               void
 Registers used:
		wreg, status,2
 Tracked objects:
		On entry : 
		On exit  : 
		Unchanged: 
 Data sizes:     COMRAM   BANK0   BANK1   BANK2   BANK3   BANK4   BANK5   BANK6   BANK7   BANK8   BANK9  BANK10  BANK11  BANK12  BANK13  BANK14
      Params:         0       0       0       0       0       0       0       0       0       0       0       0       0       0       0       0
      Locals:         0       0       0       0       0       0       0       0       0       0       0       0       0       0       0       0
      Temps:          0       0       0       0       0       0       0       0       0       0       0       0       0       0       0       0
      Totals:         0       0       0       0       0       0       0       0       0       0       0       0       0       0       0       0
Total ram usage:        0 bytes
 Hardware stack levels used:    1
 Hardware stack levels required when called:    2
 This function calls:
		Nothing
 This function is called by:
		_main
 This function uses a non-reentrant model


 *************** function _CANSetup *****************
 Defined at:
		line 113 in file "ECAN.c"
 Parameters:    Size  Location     Type
		None
 Auto vars:     Size  Location     Type
		None
 Return value:  Size  Location     Type
		None               void
 Registers used:
		wreg, status,2, status,0
 Tracked objects:
		On entry : 
		On exit  : 
		Unchanged: 
 Data sizes:     COMRAM   BANK0   BANK1   BANK2   BANK3   BANK4   BANK5   BANK6   BANK7   BANK8   BANK9  BANK10  BANK11  BANK12  BANK13  BANK14
      Params:         0       0       0       0       0       0       0       0       0       0       0       0       0       0       0       0
      Locals:         0       0       0       0       0       0       0       0       0       0       0       0       0       0       0       0
      Temps:          0       0       0       0       0       0       0       0       0       0       0       0       0       0       0       0
      Totals:         0       0       0       0       0       0       0       0       0       0       0       0       0       0       0       0
Total ram usage:        0 bytes
 Hardware stack levels used:    1
 Hardware stack levels required when called:    2
 This function calls:
		Nothing
 This function is called by:
		_main
 This function uses a non-reentrant model


 *************** function _ISR *****************
 Defined at:
		line 11 in file "main.c"
 Parameters:    Size  Location     Type
		None
 Auto vars:     Size  Location     Type
		None
 Return value:  Size  Location     Type
		None               void
 Registers used:
		wreg, status,2, status,0, cstack
 Tracked objects:
		On entry : 
		On exit  : 
		Unchanged: 
 Data sizes:     COMRAM   BANK0   BANK1   BANK2   BANK3   BANK4   BANK5   BANK6   BANK7   BANK8   BANK9  BANK10  BANK11  BANK12  BANK13  BANK14
      Params:         0       0       0       0       0       0       0       0       0       0       0       0       0       0       0       0
      Locals:         0       0       0       0       0       0       0       0       0       0       0       0       0       0       0       0
      Temps:         14       0       0       0       0       0       0       0       0       0       0       0       0       0       0       0
      Totals:        14       0       0       0       0       0       0       0       0       0       0       0       0       0       0       0
Total ram usage:       14 bytes
 Hardware stack levels used:    1
 Hardware stack levels required when called:    1
 This function calls:
		_callback
 This function is called by:
		Interrupt level 2
 This function uses a non-reentrant model


 *************** function _callback *****************
 Defined at:
		line 61 in file "RFID.c"
 Parameters:    Size  Location     Type
		None
 Auto vars:     Size  Location     Type
		None
 Return value:  Size  Location     Type
		None               void
 Registers used:
		wreg, status,2, status,0
 Tracked objects:
		On entry : 
		On exit  : 
		Unchanged: 
 Data sizes:     COMRAM   BANK0   BANK1   BANK2   BANK3   BANK4   BANK5   BANK6   BANK7   BANK8   BANK9  BANK10  BANK11  BANK12  BANK13  BANK14
      Params:         0       0       0       0       0       0       0       0       0       0       0       0       0       0       0       0
      Locals:         0       0       0       0       0       0       0       0       0       0       0       0       0       0       0       0
      Temps:          0       0       0       0       0       0       0       0       0       0       0       0       0       0       0       0
      Totals:         0       0       0       0       0       0       0       0       0       0       0       0       0       0       0       0
Total ram usage:        0 bytes
 Hardware stack levels used:    1
 This function calls:
		Nothing
 This function is called by:
		_ISR
 This function uses a non-reentrant model



MODULE INFORMATION

Module		Function		Class		Link	Load	Size
I2C.c
		_I2CSetup      		CODE           	084A	0000	27

I2C.c estimated size: 27

RFID.c
		_process_buf   		CODE           	009C	0000	797
		_callback      		CODE           	0886	0000	5
		_checkRFID     		CODE           	03B8	0000	663

RFID.c estimated size: 1465

Other.c
		_setup_Interrupt		CODE           	0876	0000	11
		_InitDevice    		CODE           	07CE	0000	85
		_Delay         		CODE           	0864	0000	19

Other.c estimated size: 115

shared
		__initialization		CODE           	0778	0000	77

shared estimated size: 77

ECAN.c
		_CANSetup      		CODE           	064E	0000	299

ECAN.c estimated size: 299

main.c
		_ISR           		CODE           	0008	0000	145
		_main          		CODE           	0822	0000	41

main.c estimated size: 186

