Microchip MPLAB XC8 Compiler V1.35 ()

Linker command line:

--edf=C:\Program Files (x86)\Microchip\xc8\v1.35\dat\en_msgs.txt -cs \
  -h+dist/default/production\PIC_I2C-CAN.X.production.sym \
  --cmf=dist/default/production\PIC_I2C-CAN.X.production.cmf -z -Q18F26K80 \
  -oC:\Users\E\AppData\Local\Temp\s9bg.2 \
  -Mdist/default/production/PIC_I2C-CAN.X.production.map -E1 -ver=XC8 \
  -ASTACK=0587h-0e40h -pstack=STACK -ACODE=00h-0FFFFh -ACONST=00h-0FFFFh \
  -ASMALLCONST=0F00h-0FFFhx241 -AMEDIUMCONST=0F00h-0FFFFh -ACOMRAM=01h-05Fh \
  -AABS1=00h-0E40h -ABIGRAM=01h-0E40h \
  -ARAM=060h-0FFh,0100h-01FFhx13,0E00h-0E40h -ABANK0=060h-0FFh \
  -ABANK1=0100h-01FFh -ABANK2=0200h-02FFh -ABANK3=0300h-03FFh \
  -ABANK4=0400h-04FFh -ABANK5=0500h-05FFh -ABANK6=0600h-06FFh \
  -ABANK7=0700h-07FFh -ABANK8=0800h-08FFh -ABANK9=0900h-09FFh \
  -ABANK10=0A00h-0AFFh -ABANK11=0B00h-0BFFh -ABANK12=0C00h-0CFFh \
  -ABANK13=0D00h-0DFFh -ABANK14=0E00h-0E40h \
  -ASFR=0E41h-0EFFh,0F00h-0F5Fh,0F60h-0FFFh \
  -preset_vec=00h,intcode=08h,intcodelo,powerup,init,end_init \
  -pramtop=0F00h -psmallconst=SMALLCONST -pmediumconst=MEDIUMCONST \
  -pconst=CONST -AFARRAM=00h-00h -ACONFIG=0300000h-030000Dh -pconfig=CONFIG \
  -AIDLOC=0200000h-0200007h -pidloc=IDLOC -AEEDATA=0F00000h-0F003FFh \
  -peeprom_data=EEDATA \
  -prdata=COMRAM,nvrram=COMRAM,nvbit=COMRAM,rbss=COMRAM,rbit=COMRAM \
  -pfarbss=FARRAM,fardata=FARRAM,nvFARRAM=FARRAM \
  -pintsave_regs=BIGRAM,bigbss=BIGRAM,bigdata=BIGRAM -pbss=RAM \
  -pidata=CODE,irdata=CODE,ibigdata=CODE,ifardata=CODE -prparam=COMRAM \
  C:\Users\E\AppData\Local\Temp\s9bg.obj \
  dist/default/production\PIC_I2C-CAN.X.production.obj 

Object code version is 3.11

Machine type is 18F26K80

Call graph: (short form)




                Name                               Link     Load   Length Selector   Space Scale
C:\Users\E\AppData\Local\Temp\s9bg.obj
                end_init                             98       98        4        4       0
                reset_vec                             0        0        4        0       0
                idloc                            200000   200000        8   200000       0
                config                           300000   300000        E   300000       0
dist/default/production\PIC_I2C-CAN.X.production.obj
                intcode                               8        8       90        4       0
                temp                                 50       50        1        1       1
                text13                              8D0      8D0       66        4       0
                text11                              448      448      12A        4       0
                text10                              9CE      9CE       18        4       0
                text9                               684      684       DE        4       0
                text8                               936      936       42        4       0
                text7                               862      862       6E        4       0
                text6                               7E8      7E8       7A        4       0
                text5                               762      762       86        4       0
                text4                               9E6      9E6        A        4       0
                text3                                9C       9C      24A        4       0
                text2                               9A8      9A8       26        4       0
                text1                               2E6      2E6      162        4       0
                text0                               572      572      112        4       0
                cstackCOMRAM                         41       41        F        1       1
                cstackBANK0                          60       60        F       60       1
                bssBIGRAM                            71       71      516       71       1
                bssBANK0                             6F       6F        2       60       1
                bssCOMRAM                             1        1       40        1       1
                cinit                               978      978       30        4       0

TOTAL           Name                               Link     Load   Length     Space
        CLASS   STACK          

        CLASS   CODE           
                end_init                             98       98        4         0
                intcode                               8        8       90         0
                reset_vec                             0        0        4         0
                text13                              8D0      8D0       66         0
                text11                              448      448      12A         0
                text10                              9CE      9CE       18         0
                text9                               684      684       DE         0
                text8                               936      936       42         0
                text7                               862      862       6E         0
                text6                               7E8      7E8       7A         0
                text5                               762      762       86         0
                text4                               9E6      9E6        A         0
                text3                                9C       9C      24A         0
                text2                               9A8      9A8       26         0
                text1                               2E6      2E6      162         0
                text0                               572      572      112         0
                cinit                               978      978       30         0

        CLASS   CONST          

        CLASS   SMALLCONST     

        CLASS   MEDIUMCONST    

        CLASS   COMRAM         
                temp                                 50       50        1         1
                cstackCOMRAM                         41       41        F         1
                bssCOMRAM                             1        1       40         1

        CLASS   ABS1           

        CLASS   BIGRAM         
                bssBIGRAM                            71       71      516         1

        CLASS   RAM            

        CLASS   BANK0          
                cstackBANK0                          60       60        F         1
                bssBANK0                             6F       6F        2         1

        CLASS   BANK1          

        CLASS   BANK2          

        CLASS   BANK3          

        CLASS   BANK4          

        CLASS   BANK5          

        CLASS   BANK6          

        CLASS   BANK7          

        CLASS   BANK8          

        CLASS   BANK9          

        CLASS   BANK10         

        CLASS   BANK11         

        CLASS   BANK12         

        CLASS   BANK13         

        CLASS   BANK14         

        CLASS   SFR            

        CLASS   FARRAM         

        CLASS   CONFIG         
                config                           300000   300000        E         0

        CLASS   IDLOC          
                idloc                            200000   200000        8         0

        CLASS   EEDATA         



SEGMENTS        Name                           Load    Length   Top    Selector   Space  Class

                reset_vec                      000000  000004  000004         0       0  CODE    
                bssCOMRAM                      000001  000050  000051         1       1  COMRAM  
                intcode                        000008  0009E8  0009F0         4       0  CODE    
                cstackBANK0                    000060  000011  000071        60       1  BANK0   
                bssBIGRAM                      000071  000516  000587        71       1  BIGRAM  
                idloc                          200000  000008  200008    200000       0  IDLOC   
                config                         300000  00000E  30000E    300000       0  CONFIG  


UNUSED ADDRESS RANGES

        Name                Unused          Largest block    Delta
        BANK10           000A00-000AFF              100
        BANK11           000B00-000BFF              100
        BANK12           000C00-000CFF              100
        BANK13           000D00-000DFF              100
        BANK14           000E00-000E40               41
        BANK5            000587-0005FF               79
        BANK6            000600-0006FF              100
        BANK7            000700-0007FF              100
        BANK8            000800-0008FF              100
        BANK9            000900-0009FF              100
        BIGRAM           000051-00005F                F
                         000587-000E40              8BA
        CODE             000004-000007                4
                         0009F0-00FFFF             F610
        COMRAM           000051-00005F                F
        CONST            000004-000007                4
                         0009F0-00FFFF             F610
        EEDATA           F00000-F003FF              400
        MEDIUMCONST      000F00-00FFFF             F100
        RAM              000587-000E40              100
        SFR              000E41-000FFF               BF
        SMALLCONST       000F00-00FFFF              100
        STACK            000587-000E40              8BA

                                  Symbol Table

?_findStart               cstackBANK0  000060
Delay@count               cstackBANK0  000060
ECAN_Receive@RXMsgFlag    cstackBANK0  000060
ECAN_Transmit@DATA1       cstackBANK0  000063
ECAN_Transmit@DATA2       cstackBANK0  000064
ECAN_Transmit@DATA3       cstackBANK0  000065
ECAN_Transmit@DATA4       cstackBANK0  000066
ECAN_Transmit@DATA5       cstackBANK0  000067
ECAN_Transmit@DATA6       cstackBANK0  000068
ECAN_Transmit@DATA7       cstackBANK0  000069
ECAN_Transmit@DLC         cstackBANK0  000061
ECAN_Transmit@SIDH        cstackBANK0  00006A
ECAN_Transmit@SIDL        cstackBANK0  000060
ECAN_Transmit@TRANSMIT_ID cstackBANK0  000062
I2CSetup@i                cstackBANK0  000060
_ANCON0                   (abs)        000F5D
_ANCON1                   (abs)        000F5C
_B0CONbits                (abs)        000E80
_B0D0                     (abs)        000E86
_B0D1                     (abs)        000E87
_B0D2                     (abs)        000E88
_B0D3                     (abs)        000E89
_B0D4                     (abs)        000E8A
_B0D5                     (abs)        000E8B
_B0D6                     (abs)        000E8C
_B0D7                     (abs)        000E8D
_B0DLC                    (abs)        000E85
_B0EIDH                   (abs)        000E83
_B0EIDL                   (abs)        000E84
_B0SIDH                   (abs)        000E81
_B0SIDL                   (abs)        000E82
_BRGCON1                  (abs)        000E43
_BRGCON2                  (abs)        000E44
_BRGCON3                  (abs)        000E45
_BSEL0                    (abs)        000E7D
_CANCON                   (abs)        000F6F
_CANSTATbits              (abs)        000F6E
_CANSetup                 text11       000448
_Delay                    text10       0009CE
_ECANCON                  (abs)        000F72
_ECAN_Receive             text9        000684
_ECAN_Transmit            text8        000936
_FIRST_SEND               bssCOMRAM    000011
_I2CSetup                 text7        000862
_I2C_FLAG                 bssCOMRAM    000013
_INTCONbits               (abs)        000FF2
_ISR                      intcode      000008
_InitDevice               text6        0007E8
_Interrupt_counter        bssCOMRAM    000015
_LATAbits                 (abs)        000F89
_LATCbits                 (abs)        000F8B
_MAP_BACKLIGHT            bssCOMRAM    000017
_MAP_BITDATA              bssCOMRAM    00002F
_MAP_BRAKE                bssCOMRAM    000019
_MAP_DIRECTION            bssCOMRAM    00001B
_MAP_HEARTBEAT            bssBANK0     00006F
_MAP_H_BLINK              bssCOMRAM    00001D
_MAP_REC_BATTERYSTATUS    bssCOMRAM    000030
_MAP_REC_VELOCITY         bssCOMRAM    000031
_MAP_SAFETYPIN            bssCOMRAM    00001F
_MAP_V_BLINK              bssCOMRAM    000021
_MSEL0                    (abs)        000E79
_MSEL1                    (abs)        000E7A
_MSEL2                    (abs)        000E7B
_MSEL3                    (abs)        000E7C
_OSCCON                   (abs)        000FD3
_OSCCONbits               (abs)        000FD3
_OSCTUNEbits              (abs)        000F9B
_PIE1bits                 (abs)        000F9D
_PIR1bits                 (abs)        000F9E
_PIR5bits                 (abs)        000F77
_PORTBbits                (abs)        000F81
_RCONbits                 (abs)        000FD0
_RXB0CON                  (abs)        000F60
_RXB0CONbits              (abs)        000F60
_RXB0D0                   (abs)        000F66
_RXB0D1                   (abs)        000F67
_RXB0D2                   (abs)        000F68
_RXB0D3                   (abs)        000F69
_RXB0D4                   (abs)        000F6A
_RXB0D5                   (abs)        000F6B
_RXB0D6                   (abs)        000F6C
_RXB0D7                   (abs)        000F6D
_RXB0DLC                  (abs)        000F65
_RXB0EIDH                 (abs)        000F63
_RXB0EIDL                 (abs)        000F64
_RXB0SIDH                 (abs)        000F61
_RXB0SIDL                 (abs)        000F62
_RXB1CON                  (abs)        000F30
_RXB1CONbits              (abs)        000F30
_RXB1D0                   (abs)        000F36
_RXB1D1                   (abs)        000F37
_RXB1D2                   (abs)        000F38
_RXB1D3                   (abs)        000F39
_RXB1D4                   (abs)        000F3A
_RXB1D5                   (abs)        000F3B
_RXB1D6                   (abs)        000F3C
_RXB1D7                   (abs)        000F3D
_RXB1DLC                  (abs)        000F35
_RXB1EIDH                 (abs)        000F33
_RXB1EIDL                 (abs)        000F34
_RXB1SIDH                 (abs)        000F31
_RXB1SIDL                 (abs)        000F32
_RXF0EIDH                 (abs)        000EE2
_RXF0EIDL                 (abs)        000EE3
_RXF0SIDH                 (abs)        000EE0
_RXF0SIDL                 (abs)        000EE1
_RXF1EIDH                 (abs)        000EE6
_RXF1EIDL                 (abs)        000EE7
_RXF1SIDH                 (abs)        000EE4
_RXF1SIDL                 (abs)        000EE5
_RXF2EIDH                 (abs)        000EEA
_RXF2EIDL                 (abs)        000EEB
_RXF2SIDH                 (abs)        000EE8
_RXF2SIDL                 (abs)        000EE9
_RXFBCON0                 (abs)        000E71
_RXFBCON1                 (abs)        000E72
_RXFBCON2                 (abs)        000E73
_RXFBCON3                 (abs)        000E74
_RXFBCON4                 (abs)        000E75
_RXFBCON5                 (abs)        000E76
_RXFBCON6                 (abs)        000E77
_RXFBCON7                 (abs)        000E78
_RXFCON0                  (abs)        000E46
_RXFCON1                  (abs)        000E47
_RXM0EIDH                 (abs)        000EFA
_RXM0EIDL                 (abs)        000EFB
_RXM0SIDH                 (abs)        000EF8
_RXM0SIDL                 (abs)        000EF9
_RXM1EIDH                 (abs)        000EFE
_RXM1EIDL                 (abs)        000EFF
_RXM1SIDH                 (abs)        000EFC
_RXM1SIDL                 (abs)        000EFD
_SSPADD                   (abs)        000FC8
_SSPBUF                   (abs)        000FC9
_SSPCON1                  (abs)        000FC6
_SSPCON1bits              (abs)        000FC6
_SSPCON2                  (abs)        000FC5
_SSPSTAT                  (abs)        000FC7
_SSPSTATbits              (abs)        000FC7
_T0CONbits                (abs)        000FD5
_TRISA                    (abs)        000F92
_TRISB                    (abs)        000F93
_TRISC                    (abs)        000F94
_TXB0CONbits              (abs)        000F20
_TXB0D0                   (abs)        000F26
_TXB0D1                   (abs)        000F27
_TXB0D2                   (abs)        000F28
_TXB0D3                   (abs)        000F29
_TXB0D4                   (abs)        000F2A
_TXB0D5                   (abs)        000F2B
_TXB0D6                   (abs)        000F2C
_TXB0D7                   (abs)        000F2D
_TXB0DLC                  (abs)        000F25
_TXB0EIDH                 (abs)        000F23
_TXB0EIDL                 (abs)        000F24
_TXB0SIDH                 (abs)        000F21
_TXB0SIDL                 (abs)        000F22
__CFG_BBSIZ$BB2K          (abs)        000000
__CFG_BOREN$SBORDIS       (abs)        000000
__CFG_BORPWR$ZPBORMV      (abs)        000000
__CFG_BORV$3              (abs)        000000
__CFG_CANMX$PORTB         (abs)        000000
__CFG_CP0$OFF             (abs)        000000
__CFG_CP1$OFF             (abs)        000000
__CFG_CP2$OFF             (abs)        000000
__CFG_CP3$OFF             (abs)        000000
__CFG_CPB$OFF             (abs)        000000
__CFG_CPD$OFF             (abs)        000000
__CFG_EBTR0$OFF           (abs)        000000
__CFG_EBTR1$OFF           (abs)        000000
__CFG_EBTR2$OFF           (abs)        000000
__CFG_EBTR3$OFF           (abs)        000000
__CFG_EBTRB$OFF           (abs)        000000
__CFG_FCMEN$OFF           (abs)        000000
__CFG_FOSC$INTIO2         (abs)        000000
__CFG_IESO$OFF            (abs)        000000
__CFG_INTOSCSEL$HIGH      (abs)        000000
__CFG_MCLRE$ON            (abs)        000000
__CFG_MSSPMSK$MSK7        (abs)        000000
__CFG_PLLCFG$OFF          (abs)        000000
__CFG_PWRTEN$OFF          (abs)        000000
__CFG_RETEN$OFF           (abs)        000000
__CFG_SOSCSEL$HIGH        (abs)        000000
__CFG_STVREN$ON           (abs)        000000
__CFG_WDTEN$SWDTDIS       (abs)        000000
__CFG_WDTPS$1048576       (abs)        000000
__CFG_WRT0$OFF            (abs)        000000
__CFG_WRT1$OFF            (abs)        000000
__CFG_WRT2$OFF            (abs)        000000
__CFG_WRT3$OFF            (abs)        000000
__CFG_WRTB$OFF            (abs)        000000
__CFG_WRTC$OFF            (abs)        000000
__CFG_WRTD$OFF            (abs)        000000
__CFG_XINST$OFF           (abs)        000000
__HRAM                    (abs)        000000
__Habs1                   abs1         000000
__Hbank0                  bank0        000000
__Hbank1                  bank1        000000
__Hbank10                 bank10       000000
__Hbank11                 bank11       000000
__Hbank12                 bank12       000000
__Hbank13                 bank13       000000
__Hbank14                 bank14       000000
__Hbank2                  bank2        000000
__Hbank3                  bank3        000000
__Hbank4                  bank4        000000
__Hbank5                  bank5        000000
__Hbank6                  bank6        000000
__Hbank7                  bank7        000000
__Hbank8                  bank8        000000
__Hbank9                  bank9        000000
__Hbigbss                 bigbss       000000
__Hbigdata                bigdata      000000
__Hbigram                 bigram       000000
__Hbss                    bss          000000
__HbssBANK0               bssBANK0     000000
__HbssBIGRAM              bssBIGRAM    000000
__HbssCOMRAM              bssCOMRAM    000000
__Hcinit                  cinit        000000
__Hclrtext                clrtext      000000
__Hcomram                 comram       000000
__Hconfig                 config       30000E
__Hconst                  const        000000
__HcstackBANK0            cstackBANK0  000000
__HcstackCOMRAM           cstackCOMRAM 000000
__Hdata                   data         000000
__Heeprom_data            eeprom_data  000000
__Hend_init               end_init     00009C
__Hfarbss                 farbss       000000
__Hfardata                fardata      000000
__Hibigdata               ibigdata     000000
__Hidata                  idata        000000
__Hidloc                  idloc        200008
__Hifardata               ifardata     000000
__Hinit                   init         000098
__Hintcode                intcode      000098
__Hintcode_body           intcode_body 000000
__Hintcodelo              intcodelo    000098
__Hintentry               intentry     000000
__Hintret                 intret       000000
__Hintsave_regs           intsave_regs 000000
__Hirdata                 irdata       000000
__Hmediumconst            mediumconst  000000
__HnvFARRAM               nvFARRAM     000000
__Hnvbit                  nvbit        000000
__Hnvrram                 nvrram       000000
__Hparam                  rparam       000000
__Hpowerup                powerup      000098
__Hram                    ram          000000
__Hramtop                 ramtop       000F00
__Hrbit                   rbit         000000
__Hrbss                   rbss         000000
__Hrdata                  rdata        000000
__Hreset_vec              reset_vec    000004
__Hrparam                 rparam       000000
__Hsfr                    sfr          000000
__Hsmallconst             smallconst   000000
__Hspace_0                (abs)        30000E
__Hspace_1                (abs)        000587
__Hspace_2                (abs)        000000
__Hstack                  stack        000000
__Hstruct                 struct       000000
__Htemp                   temp         000051
__Htext                   text         000000
__Htext0                  text0        000000
__Htext1                  text1        000000
__Htext10                 text10       000000
__Htext11                 text11       000000
__Htext13                 text13       000000
__Htext2                  text2        000000
__Htext3                  text3        000000
__Htext4                  text4        000000
__Htext5                  text5        000000
__Htext6                  text6        000000
__Htext7                  text7        000000
__Htext8                  text8        000000
__Htext9                  text9        000000
__LRAM                    (abs)        000001
__Labs1                   abs1         000000
__Lbank0                  bank0        000000
__Lbank1                  bank1        000000
__Lbank10                 bank10       000000
__Lbank11                 bank11       000000
__Lbank12                 bank12       000000
__Lbank13                 bank13       000000
__Lbank14                 bank14       000000
__Lbank2                  bank2        000000
__Lbank3                  bank3        000000
__Lbank4                  bank4        000000
__Lbank5                  bank5        000000
__Lbank6                  bank6        000000
__Lbank7                  bank7        000000
__Lbank8                  bank8        000000
__Lbank9                  bank9        000000
__Lbigbss                 bigbss       000000
__Lbigdata                bigdata      000000
__Lbigram                 bigram       000000
__Lbss                    bss          000000
__LbssBANK0               bssBANK0     000000
__LbssBIGRAM              bssBIGRAM    000000
__LbssCOMRAM              bssCOMRAM    000000
__Lcinit                  cinit        000000
__Lclrtext                clrtext      000000
__Lcomram                 comram       000000
__Lconfig                 config       300000
__Lconst                  const        000000
__LcstackBANK0            cstackBANK0  000000
__LcstackCOMRAM           cstackCOMRAM 000000
__Ldata                   data         000000
__Leeprom_data            eeprom_data  000000
__Lend_init               end_init     000098
__Lfarbss                 farbss       000000
__Lfardata                fardata      000000
__Libigdata               ibigdata     000000
__Lidata                  idata        000000
__Lidloc                  idloc        200000
__Lifardata               ifardata     000000
__Linit                   init         000098
__Lintcode                intcode      000008
__Lintcode_body           intcode_body 000000
__Lintcodelo              intcodelo    000098
__Lintentry               intentry     000000
__Lintret                 intret       000000
__Lintsave_regs           intsave_regs 000000
__Lirdata                 irdata       000000
__Lmediumconst            mediumconst  000000
__LnvFARRAM               nvFARRAM     000000
__Lnvbit                  nvbit        000000
__Lnvrram                 nvrram       000000
__Lparam                  rparam       000000
__Lpowerup                powerup      000098
__Lram                    ram          000000
__Lramtop                 ramtop       000F00
__Lrbit                   rbit         000000
__Lrbss                   rbss         000000
__Lrdata                  rdata        000000
__Lreset_vec              reset_vec    000000
__Lrparam                 rparam       000000
__Lsfr                    sfr          000000
__Lsmallconst             smallconst   000000
__Lspace_0                (abs)        000000
__Lspace_1                (abs)        000000
__Lspace_2                (abs)        000000
__Lstack                  stack        000000
__Lstruct                 struct       000000
__Ltemp                   temp         000050
__Ltext                   text         000000
__Ltext0                  text0        000000
__Ltext1                  text1        000000
__Ltext10                 text10       000000
__Ltext11                 text11       000000
__Ltext13                 text13       000000
__Ltext2                  text2        000000
__Ltext3                  text3        000000
__Ltext4                  text4        000000
__Ltext5                  text5        000000
__Ltext6                  text6        000000
__Ltext7                  text7        000000
__Ltext8                  text8        000000
__Ltext9                  text9        000000
__S0                      (abs)        30000E
__S1                      (abs)        000587
__S2                      (abs)        000000
___inthi_sp               stack        000000
___intlo_sp               stack        000000
___param_bank             (abs)        000010
___rparam_used            (abs)        000001
___sp                     stack        000000
__accesstop               (abs)        000060
__activetblptr            (abs)        000000
__end_of_CANSetup         text11       000572
__end_of_Delay            text10       0009E6
__end_of_ECAN_Receive     text9        000762
__end_of_ECAN_Transmit    text8        000978
__end_of_I2CSetup         text7        0008D0
__end_of_ISR              intcode      000098
__end_of_InitDevice       text6        000862
__end_of__initialization  cinit        00099E
__end_of_findStart        text5        0007E8
__end_of_main             text0        000684
__end_of_sample           text13       000936
__end_of_setBit           text2        0009CE
__end_of_setup_Interrupt  text4        0009F0
__end_of_singleToBit      text3        0002E6
__end_of_zipCAN           text1        000448
__initialization          cinit        000978
__mediumconst             mediumconst  000000
__pbssBANK0               bssBANK0     00006F
__pbssBIGRAM              bssBIGRAM    000071
__pbssCOMRAM              bssCOMRAM    000001
__pcinit                  cinit        000978
__pcstackBANK0            cstackBANK0  000060
__pcstackCOMRAM           cstackCOMRAM 000041
__pintcode                intcode      000008
__ptext0                  text0        000572
__ptext1                  text1        0002E6
__ptext10                 text10       0009CE
__ptext11                 text11       000448
__ptext13                 text13       0008D0
__ptext2                  text2        0009A8
__ptext3                  text3        00009C
__ptext4                  text4        0009E6
__ptext5                  text5        000762
__ptext6                  text6        0007E8
__ptext7                  text7        000862
__ptext8                  text8        000936
__ptext9                  text9        000684
__ramtop                  ramtop       000F00
__size_of_CANSetup        (abs)        000000
__size_of_Delay           (abs)        000000
__size_of_ECAN_Receive    (abs)        000000
__size_of_ECAN_Transmit   (abs)        000000
__size_of_I2CSetup        (abs)        000000
__size_of_ISR             (abs)        000000
__size_of_InitDevice      (abs)        000000
__size_of_findStart       (abs)        000000
__size_of_main            (abs)        000000
__size_of_sample          (abs)        000000
__size_of_setBit          (abs)        000000
__size_of_setup_Interrupt (abs)        000000
__size_of_singleToBit     (abs)        000000
__size_of_zipCAN          (abs)        000000
__smallconst              smallconst   000000
_bitArray                 bssBIGRAM    000265
_bitlenctr                bssCOMRAM    000023
_buttonWasPressed         bssCOMRAM    000032
_count                    bssCOMRAM    000033
_curState                 bssCOMRAM    000025
_findStart                text5        000762
_heartBeatCounter         bssCOMRAM    000027
_heartbeatCount           bssCOMRAM    000029
_i2c_byte_count           bssCOMRAM    000034
_i2c_reg_addr             bssCOMRAM    000035
_i2c_reg_map              bssCOMRAM    000001
_main                     text0        000572
_multiToSingle            (abs)        000000
_raw                      bssBIGRAM    000071
_rawIndex                 bssCOMRAM    00002B
_sample                   text13       0008D0
_setBit                   text2        0009A8
_setup_Interrupt          text4        0009E6
_singleArray              bssBIGRAM    0003F7
_singleToBit              text3        00009C
_temp_D2                  bssCOMRAM    000036
_temp_D3                  bssCOMRAM    000037
_temp_D4                  bssCOMRAM    000038
_temp_D5                  bssCOMRAM    000039
_temp_D6                  bssCOMRAM    00003A
_temp_D7                  bssCOMRAM    00003B
_temp_DLC                 bssCOMRAM    00003C
_temp_EIDH                bssCOMRAM    00003D
_temp_EIDL                bssCOMRAM    00003E
_temp_SIDH                bssCOMRAM    00003F
_temp_SIDL                bssCOMRAM    000040
_val                      bssCOMRAM    00002D
_zipCAN                   text1        0002E6
btemp                     temp         000050
end_of_initialization     cinit        00099E
findStart@count           cstackBANK0  000064
findStart@i               cstackBANK0  000066
int$flags                 temp         000050
intlevel0                 text         000000
intlevel1                 text         000000
intlevel2                 text         000000
intlevel3                 text         000000
main@start                cstackBANK0  00006D
main@start_condition      cstackBANK0  00006B
setBit@shift              cstackBANK0  000060
setBit@value              cstackBANK0  000062
singleToBit@i             cstackBANK0  000068
singleToBit@lastVal       cstackBANK0  000066
singleToBit@start         cstackBANK0  000060
stackhi                   (abs)        000E40
stacklo                   (abs)        000587
start                     init         000098
start_initialization      cinit        000978


FUNCTION INFORMATION:

 *************** function _main *****************
 Defined at:
		line 15 in file "main.c"
 Parameters:    Size  Location     Type
		None
 Auto vars:     Size  Location     Type
  start           2   13[BANK0 ] int 
  start_condit    2   11[BANK0 ] int 
 Return value:  Size  Location     Type
                  2   96[None  ] int 
 Registers used:
		wreg, fsr2l, fsr2h, status,2, status,0, prodl, prodh, cstack
 Tracked objects:
		On entry : 
		On exit  : 
		Unchanged: 
 Data sizes:     COMRAM   BANK0   BANK1   BANK2   BANK3   BANK4   BANK5   BANK6   BANK7   BANK8   BANK9  BANK10  BANK11  BANK12  BANK13  BANK14
      Params:         0       0       0       0       0       0       0       0       0       0       0       0       0       0       0       0
      Locals:         0       4       0       0       0       0       0       0       0       0       0       0       0       0       0       0
      Temps:          0       0       0       0       0       0       0       0       0       0       0       0       0       0       0       0
      Totals:         0       4       0       0       0       0       0       0       0       0       0       0       0       0       0       0
Total ram usage:        4 bytes
 Hardware stack levels required when called:    4
 This function calls:
		_CANSetup
		_Delay
		_ECAN_Receive
		_ECAN_Transmit
		_I2CSetup
		_InitDevice
		_findStart
		_setup_Interrupt
		_singleToBit
		_zipCAN
 This function is called by:
		Startup code after reset
 This function uses a non-reentrant model


 *************** function _zipCAN *****************
 Defined at:
		line 337 in file "ECAN.c"
 Parameters:    Size  Location     Type
		None
 Auto vars:     Size  Location     Type
		None
 Return value:  Size  Location     Type
		None               void
 Registers used:
		wreg, status,2, status,0, cstack
 Tracked objects:
		On entry : 
		On exit  : 
		Unchanged: 
 Data sizes:     COMRAM   BANK0   BANK1   BANK2   BANK3   BANK4   BANK5   BANK6   BANK7   BANK8   BANK9  BANK10  BANK11  BANK12  BANK13  BANK14
      Params:         0       0       0       0       0       0       0       0       0       0       0       0       0       0       0       0
      Locals:         0       0       0       0       0       0       0       0       0       0       0       0       0       0       0       0
      Temps:          0       2       0       0       0       0       0       0       0       0       0       0       0       0       0       0
      Totals:         0       2       0       0       0       0       0       0       0       0       0       0       0       0       0       0
Total ram usage:        2 bytes
 Hardware stack levels used:    1
 Hardware stack levels required when called:    3
 This function calls:
		_setBit
 This function is called by:
		_main
 This function uses a non-reentrant model


 *************** function _setBit *****************
 Defined at:
		line 367 in file "ECAN.c"
 Parameters:    Size  Location     Type
  shift           2    0[BANK0 ] int 
  value           2    2[BANK0 ] int 
 Auto vars:     Size  Location     Type
		None
 Return value:  Size  Location     Type
		None               void
 Registers used:
		wreg, status,2, status,0
 Tracked objects:
		On entry : 
		On exit  : 
		Unchanged: 
 Data sizes:     COMRAM   BANK0   BANK1   BANK2   BANK3   BANK4   BANK5   BANK6   BANK7   BANK8   BANK9  BANK10  BANK11  BANK12  BANK13  BANK14
      Params:         0       4       0       0       0       0       0       0       0       0       0       0       0       0       0       0
      Locals:         0       0       0       0       0       0       0       0       0       0       0       0       0       0       0       0
      Temps:          0       2       0       0       0       0       0       0       0       0       0       0       0       0       0       0
      Totals:         0       6       0       0       0       0       0       0       0       0       0       0       0       0       0       0
Total ram usage:        6 bytes
 Hardware stack levels used:    1
 Hardware stack levels required when called:    2
 This function calls:
		Nothing
 This function is called by:
		_zipCAN
 This function uses a non-reentrant model


 *************** function _singleToBit *****************
 Defined at:
		line 115 in file "RFID.c"
 Parameters:    Size  Location     Type
  start           2    0[BANK0 ] int 
 Auto vars:     Size  Location     Type
  i               2    8[BANK0 ] int 
  lastVal         2    6[BANK0 ] int 
 Return value:  Size  Location     Type
		None               void
 Registers used:
		wreg, fsr2l, fsr2h, status,2, status,0
 Tracked objects:
		On entry : 
		On exit  : 
		Unchanged: 
 Data sizes:     COMRAM   BANK0   BANK1   BANK2   BANK3   BANK4   BANK5   BANK6   BANK7   BANK8   BANK9  BANK10  BANK11  BANK12  BANK13  BANK14
      Params:         0       2       0       0       0       0       0       0       0       0       0       0       0       0       0       0
      Locals:         0       4       0       0       0       0       0       0       0       0       0       0       0       0       0       0
      Temps:          0       4       0       0       0       0       0       0       0       0       0       0       0       0       0       0
      Totals:         0      10       0       0       0       0       0       0       0       0       0       0       0       0       0       0
Total ram usage:       10 bytes
 Hardware stack levels used:    1
 Hardware stack levels required when called:    2
 This function calls:
		Nothing
 This function is called by:
		_main
 This function uses a non-reentrant model


 *************** function _setup_Interrupt *****************
 Defined at:
		line 61 in file "init.c"
 Parameters:    Size  Location     Type
		None
 Auto vars:     Size  Location     Type
		None
 Return value:  Size  Location     Type
                  2    4[None  ] int 
 Registers used:
		None
 Tracked objects:
		On entry : 
		On exit  : 
		Unchanged: 
 Data sizes:     COMRAM   BANK0   BANK1   BANK2   BANK3   BANK4   BANK5   BANK6   BANK7   BANK8   BANK9  BANK10  BANK11  BANK12  BANK13  BANK14
      Params:         0       0       0       0       0       0       0       0       0       0       0       0       0       0       0       0
      Locals:         0       0       0       0       0       0       0       0       0       0       0       0       0       0       0       0
      Temps:          0       0       0       0       0       0       0       0       0       0       0       0       0       0       0       0
      Totals:         0       0       0       0       0       0       0       0       0       0       0       0       0       0       0       0
Total ram usage:        0 bytes
 Hardware stack levels used:    1
 Hardware stack levels required when called:    2
 This function calls:
		Nothing
 This function is called by:
		_main
 This function uses a non-reentrant model


 *************** function _findStart *****************
 Defined at:
		line 98 in file "RFID.c"
 Parameters:    Size  Location     Type
		None
 Auto vars:     Size  Location     Type
  i               2    6[BANK0 ] int 
  count           2    4[BANK0 ] int 
 Return value:  Size  Location     Type
                  2    0[BANK0 ] int 
 Registers used:
		wreg, fsr2l, fsr2h, status,2, status,0
 Tracked objects:
		On entry : 
		On exit  : 
		Unchanged: 
 Data sizes:     COMRAM   BANK0   BANK1   BANK2   BANK3   BANK4   BANK5   BANK6   BANK7   BANK8   BANK9  BANK10  BANK11  BANK12  BANK13  BANK14
      Params:         0       2       0       0       0       0       0       0       0       0       0       0       0       0       0       0
      Locals:         0       4       0       0       0       0       0       0       0       0       0       0       0       0       0       0
      Temps:          0       2       0       0       0       0       0       0       0       0       0       0       0       0       0       0
      Totals:         0       8       0       0       0       0       0       0       0       0       0       0       0       0       0       0
Total ram usage:        8 bytes
 Hardware stack levels used:    1
 Hardware stack levels required when called:    2
 This function calls:
		Nothing
 This function is called by:
		_main
 This function uses a non-reentrant model


 *************** function _InitDevice *****************
 Defined at:
		line 9 in file "init.c"
 Parameters:    Size  Location     Type
		None
 Auto vars:     Size  Location     Type
		None
 Return value:  Size  Location     Type
		None               void
 Registers used:
		wreg, status,2
 Tracked objects:
		On entry : 
		On exit  : 
		Unchanged: 
 Data sizes:     COMRAM   BANK0   BANK1   BANK2   BANK3   BANK4   BANK5   BANK6   BANK7   BANK8   BANK9  BANK10  BANK11  BANK12  BANK13  BANK14
      Params:         0       0       0       0       0       0       0       0       0       0       0       0       0       0       0       0
      Locals:         0       0       0       0       0       0       0       0       0       0       0       0       0       0       0       0
      Temps:          0       0       0       0       0       0       0       0       0       0       0       0       0       0       0       0
      Totals:         0       0       0       0       0       0       0       0       0       0       0       0       0       0       0       0
Total ram usage:        0 bytes
 Hardware stack levels used:    1
 Hardware stack levels required when called:    2
 This function calls:
		Nothing
 This function is called by:
		_main
 This function uses a non-reentrant model


 *************** function _I2CSetup *****************
 Defined at:
		line 10 in file "I2C.c"
 Parameters:    Size  Location     Type
		None
 Auto vars:     Size  Location     Type
  i               2    0[BANK0 ] int 
 Return value:  Size  Location     Type
		None               void
 Registers used:
		wreg, fsr2l, fsr2h, status,2, status,0, prodl, prodh
 Tracked objects:
		On entry : 
		On exit  : 
		Unchanged: 
 Data sizes:     COMRAM   BANK0   BANK1   BANK2   BANK3   BANK4   BANK5   BANK6   BANK7   BANK8   BANK9  BANK10  BANK11  BANK12  BANK13  BANK14
      Params:         0       0       0       0       0       0       0       0       0       0       0       0       0       0       0       0
      Locals:         0       2       0       0       0       0       0       0       0       0       0       0       0       0       0       0
      Temps:          0       0       0       0       0       0       0       0       0       0       0       0       0       0       0       0
      Totals:         0       2       0       0       0       0       0       0       0       0       0       0       0       0       0       0
Total ram usage:        2 bytes
 Hardware stack levels used:    1
 Hardware stack levels required when called:    2
 This function calls:
		Nothing
 This function is called by:
		_main
 This function uses a non-reentrant model


 *************** function _ECAN_Transmit *****************
 Defined at:
		line 296 in file "ECAN.c"
 Parameters:    Size  Location     Type
  SIDH            1    wreg     unsigned char 
  SIDL            1    0[BANK0 ] unsigned char 
  DLC             1    1[BANK0 ] unsigned char 
  TRANSMIT_ID     1    2[BANK0 ] unsigned char 
  DATA1           1    3[BANK0 ] unsigned char 
  DATA2           1    4[BANK0 ] unsigned char 
  DATA3           1    5[BANK0 ] unsigned char 
  DATA4           1    6[BANK0 ] unsigned char 
  DATA5           1    7[BANK0 ] unsigned char 
  DATA6           1    8[BANK0 ] unsigned char 
  DATA7           1    9[BANK0 ] unsigned char 
 Auto vars:     Size  Location     Type
  SIDH            1   10[BANK0 ] unsigned char 
 Return value:  Size  Location     Type
		None               void
 Registers used:
		wreg, status,2
 Tracked objects:
		On entry : 
		On exit  : 
		Unchanged: 
 Data sizes:     COMRAM   BANK0   BANK1   BANK2   BANK3   BANK4   BANK5   BANK6   BANK7   BANK8   BANK9  BANK10  BANK11  BANK12  BANK13  BANK14
      Params:         0      10       0       0       0       0       0       0       0       0       0       0       0       0       0       0
      Locals:         0       1       0       0       0       0       0       0       0       0       0       0       0       0       0       0
      Temps:          0       0       0       0       0       0       0       0       0       0       0       0       0       0       0       0
      Totals:         0      11       0       0       0       0       0       0       0       0       0       0       0       0       0       0
Total ram usage:       11 bytes
 Hardware stack levels used:    1
 Hardware stack levels required when called:    2
 This function calls:
		Nothing
 This function is called by:
		_main
 This function uses a non-reentrant model


 *************** function _ECAN_Receive *****************
 Defined at:
		line 215 in file "ECAN.c"
 Parameters:    Size  Location     Type
		None
 Auto vars:     Size  Location     Type
  RXMsgFlag       1    0[BANK0 ] unsigned char 
 Return value:  Size  Location     Type
                  1    wreg      unsigned char 
 Registers used:
		wreg, status,2, status,0
 Tracked objects:
		On entry : 
		On exit  : 
		Unchanged: 
 Data sizes:     COMRAM   BANK0   BANK1   BANK2   BANK3   BANK4   BANK5   BANK6   BANK7   BANK8   BANK9  BANK10  BANK11  BANK12  BANK13  BANK14
      Params:         0       0       0       0       0       0       0       0       0       0       0       0       0       0       0       0
      Locals:         0       1       0       0       0       0       0       0       0       0       0       0       0       0       0       0
      Temps:          0       0       0       0       0       0       0       0       0       0       0       0       0       0       0       0
      Totals:         0       1       0       0       0       0       0       0       0       0       0       0       0       0       0       0
Total ram usage:        1 bytes
 Hardware stack levels used:    1
 Hardware stack levels required when called:    2
 This function calls:
		Nothing
 This function is called by:
		_main
 This function uses a non-reentrant model


 *************** function _Delay *****************
 Defined at:
		line 7 in file "Other.c"
 Parameters:    Size  Location     Type
  count           2    0[BANK0 ] unsigned int 
 Auto vars:     Size  Location     Type
		None
 Return value:  Size  Location     Type
		None               void
 Registers used:
		wreg, status,2, status,0
 Tracked objects:
		On entry : 
		On exit  : 
		Unchanged: 
 Data sizes:     COMRAM   BANK0   BANK1   BANK2   BANK3   BANK4   BANK5   BANK6   BANK7   BANK8   BANK9  BANK10  BANK11  BANK12  BANK13  BANK14
      Params:         0       2       0       0       0       0       0       0       0       0       0       0       0       0       0       0
      Locals:         0       0       0       0       0       0       0       0       0       0       0       0       0       0       0       0
      Temps:          0       0       0       0       0       0       0       0       0       0       0       0       0       0       0       0
      Totals:         0       2       0       0       0       0       0       0       0       0       0       0       0       0       0       0
Total ram usage:        2 bytes
 Hardware stack levels used:    1
 Hardware stack levels required when called:    2
 This function calls:
		Nothing
 This function is called by:
		_main
 This function uses a non-reentrant model


 *************** function _CANSetup *****************
 Defined at:
		line 104 in file "ECAN.c"
 Parameters:    Size  Location     Type
		None
 Auto vars:     Size  Location     Type
		None
 Return value:  Size  Location     Type
		None               void
 Registers used:
		wreg, status,2, status,0
 Tracked objects:
		On entry : 
		On exit  : 
		Unchanged: 
 Data sizes:     COMRAM   BANK0   BANK1   BANK2   BANK3   BANK4   BANK5   BANK6   BANK7   BANK8   BANK9  BANK10  BANK11  BANK12  BANK13  BANK14
      Params:         0       0       0       0       0       0       0       0       0       0       0       0       0       0       0       0
      Locals:         0       0       0       0       0       0       0       0       0       0       0       0       0       0       0       0
      Temps:          0       0       0       0       0       0       0       0       0       0       0       0       0       0       0       0
      Totals:         0       0       0       0       0       0       0       0       0       0       0       0       0       0       0       0
Total ram usage:        0 bytes
 Hardware stack levels used:    1
 Hardware stack levels required when called:    2
 This function calls:
		Nothing
 This function is called by:
		_main
 This function uses a non-reentrant model


 *************** function _ISR *****************
 Defined at:
		line 98 in file "main.c"
 Parameters:    Size  Location     Type
		None
 Auto vars:     Size  Location     Type
		None
 Return value:  Size  Location     Type
		None               void
 Registers used:
		wreg, fsr2l, fsr2h, status,2, status,0, cstack
 Tracked objects:
		On entry : 
		On exit  : 
		Unchanged: 
 Data sizes:     COMRAM   BANK0   BANK1   BANK2   BANK3   BANK4   BANK5   BANK6   BANK7   BANK8   BANK9  BANK10  BANK11  BANK12  BANK13  BANK14
      Params:         0       0       0       0       0       0       0       0       0       0       0       0       0       0       0       0
      Locals:         0       0       0       0       0       0       0       0       0       0       0       0       0       0       0       0
      Temps:         14       0       0       0       0       0       0       0       0       0       0       0       0       0       0       0
      Totals:        14       0       0       0       0       0       0       0       0       0       0       0       0       0       0       0
Total ram usage:       14 bytes
 Hardware stack levels used:    1
 Hardware stack levels required when called:    1
 This function calls:
		_sample
 This function is called by:
		Interrupt level 2
 This function uses a non-reentrant model


 *************** function _sample *****************
 Defined at:
		line 39 in file "RFID.c"
 Parameters:    Size  Location     Type
		None
 Auto vars:     Size  Location     Type
		None
 Return value:  Size  Location     Type
		None               void
 Registers used:
		wreg, fsr2l, fsr2h, status,2, status,0
 Tracked objects:
		On entry : 
		On exit  : 
		Unchanged: 
 Data sizes:     COMRAM   BANK0   BANK1   BANK2   BANK3   BANK4   BANK5   BANK6   BANK7   BANK8   BANK9  BANK10  BANK11  BANK12  BANK13  BANK14
      Params:         0       0       0       0       0       0       0       0       0       0       0       0       0       0       0       0
      Locals:         0       0       0       0       0       0       0       0       0       0       0       0       0       0       0       0
      Temps:          1       0       0       0       0       0       0       0       0       0       0       0       0       0       0       0
      Totals:         1       0       0       0       0       0       0       0       0       0       0       0       0       0       0       0
Total ram usage:        1 bytes
 Hardware stack levels used:    1
 This function calls:
		Nothing
 This function is called by:
		_ISR
 This function uses a non-reentrant model



MODULE INFORMATION

Module		Function		Class		Link	Load	Size
I2C.c
		_I2CSetup      		CODE           	0862	0000	111

I2C.c estimated size: 111

RFID.c
		_sample        		CODE           	08D0	0000	103
		_singleToBit   		CODE           	009C	0000	587
		_findStart     		CODE           	0762	0000	135

RFID.c estimated size: 825

Other.c
		_Delay         		CODE           	09CE	0000	25

Other.c estimated size: 25

shared
		__initialization		CODE           	0978	0000	39

shared estimated size: 39

ECAN.c
		_setBit        		CODE           	09A8	0000	39
		_zipCAN        		CODE           	02E6	0000	355
		_CANSetup      		CODE           	0448	0000	299
		_ECAN_Transmit 		CODE           	0936	0000	67
		_ECAN_Receive  		CODE           	0684	0000	223

ECAN.c estimated size: 983

init.c
		_setup_Interrupt		CODE           	09E6	0000	11
		_InitDevice    		CODE           	07E8	0000	123

init.c estimated size: 134

main.c
		_ISR           		CODE           	0008	0000	145
		_main          		CODE           	0572	0000	275

main.c estimated size: 420

