Microchip MPLAB XC8 Compiler V1.35 ()

Linker command line:

--edf=C:\Program Files (x86)\Microchip\xc8\v1.35\dat\en_msgs.txt -cs \
  -h+dist/default/production\PIC_I2C-CAN.X.production.sym \
  --cmf=dist/default/production\PIC_I2C-CAN.X.production.cmf -z -w9 --norlf \
  -Q18F26K80 -oC:\Users\E\AppData\Local\Temp\s7ag.2 \
  -Mdist/default/production/PIC_I2C-CAN.X.production.map -E1 -ver=XC8 \
  -ACODE=00h-0FFFFh -ACONST=00h-0FFFFh -ASMALLCONST=0F00h-0FFFhx241 \
  -AMEDIUMCONST=0F00h-0FFFFh -ACOMRAM=01h-05Fh -AABS1=00h-0E40h \
  -ABIGRAM=01h-0E40h -ARAM=060h-0FFh,0100h-01FFhx13,0E00h-0E40h \
  -ABANK0=060h-0FFh -ABANK1=0100h-01FFh -ABANK2=0200h-02FFh \
  -ABANK3=0300h-03FFh -ABANK4=0400h-04FFh -ABANK5=0500h-05FFh \
  -ABANK6=0600h-06FFh -ABANK7=0700h-07FFh -ABANK8=0800h-08FFh \
  -ABANK9=0900h-09FFh -ABANK10=0A00h-0AFFh -ABANK11=0B00h-0BFFh \
  -ABANK12=0C00h-0CFFh -ABANK13=0D00h-0DFFh -ABANK14=0E00h-0E40h \
  -ASFR=0E41h-0EFFh,0F00h-0F5Fh,0F60h-0FFFh \
  -preset_vec=00h,intcode,intcodelo,powerup,init,end_init -pramtop=0F00h \
  -psmallconst=SMALLCONST -pmediumconst=MEDIUMCONST -pconst=CONST \
  -AFARRAM=00h-00h -ACONFIG=0300000h-030000Dh -pconfig=CONFIG \
  -AIDLOC=0200000h-0200007h -pidloc=IDLOC -AEEDATA=0F00000h-0F003FFh \
  -peeprom_data=EEDATA \
  -prdata=COMRAM,nvrram=COMRAM,nvbit=COMRAM,rbss=COMRAM,rbit=COMRAM \
  -pfarbss=FARRAM,fardata=FARRAM,nvFARRAM=FARRAM \
  -pintsave_regs=BIGRAM,bigbss=BIGRAM,bigdata=BIGRAM -pbss=RAM \
  -pidata=CODE,irdata=CODE,ibigdata=CODE,ifardata=CODE \
  C:\Users\E\AppData\Local\Temp\s7ag.obj \
  dist/default/production\PIC_I2C-CAN.X.production.obj 

Object code version is 3.11

Machine type is 18F26K80

Call graph: (short form)




                Name                               Link     Load   Length Selector   Space Scale
C:\Users\E\AppData\Local\Temp\s7ag.obj
                end_init                             7A       7A        4        0       0
dist/default/production\PIC_I2C-CAN.X.production.obj
                intcode                               0        0       7A        0       0
                temp                                 38       38        1        1       1
                text7                              FD7E     FD7E       82     7EBF       0
                text5                              FED6     FED6      12A     7F6B       0
                text4                              FCEE     FCEE       2C     7E77       0
                text3                              FD1A     FD1A       32     7E8D       0
                text2                              FE00     FE00       D6     7F00       0
                text1                              FCB2     FCB2       1E     7E59       0
                text0                              FCD0     FCD0       1E     7E68       0
                cstackCOMRAM                         24       24       11        1       1
                dataCOMRAM                           35       35        2        1       1
                bssCOMRAM                             1        1       23        1       1
                cinit                              FD4C     FD4C       32     7EA6       0
                nvCOMRAM                             37       37        1        1       1
                idataCOMRAM                        FCB0     FCB0        2     FCB0       0

TOTAL           Name                               Link     Load   Length     Space
        CLASS   CODE           
                end_init                             7A       7A        4         0
                intcode                               0        0       7A         0
                text7                              FD7E     FD7E       82         0
                text5                              FED6     FED6      12A         0
                text4                              FCEE     FCEE       2C         0
                text3                              FD1A     FD1A       32         0
                text2                              FE00     FE00       D6         0
                text1                              FCB2     FCB2       1E         0
                text0                              FCD0     FCD0       1E         0
                cinit                              FD4C     FD4C       32         0
                idataCOMRAM                        FCB0     FCB0        2         0

        CLASS   CONST          

        CLASS   SMALLCONST     

        CLASS   MEDIUMCONST    

        CLASS   COMRAM         
                temp                                 38       38        1         1
                cstackCOMRAM                         24       24       11         1
                dataCOMRAM                           35       35        2         1
                bssCOMRAM                             1        1       23         1
                nvCOMRAM                             37       37        1         1

        CLASS   ABS1           

        CLASS   BIGRAM         

        CLASS   RAM            

        CLASS   BANK0          

        CLASS   BANK1          

        CLASS   BANK2          

        CLASS   BANK3          

        CLASS   BANK4          

        CLASS   BANK5          

        CLASS   BANK6          

        CLASS   BANK7          

        CLASS   BANK8          

        CLASS   BANK9          

        CLASS   BANK10         

        CLASS   BANK11         

        CLASS   BANK12         

        CLASS   BANK13         

        CLASS   BANK14         

        CLASS   SFR            

        CLASS   FARRAM         

        CLASS   CONFIG         

        CLASS   IDLOC          

        CLASS   EEDATA         

        CLASS   STACK          



SEGMENTS        Name                           Load    Length   Top    Selector   Space  Class

                reset_vec                      000000  00007E  00007E         0       0  CODE    
                bssCOMRAM                      000001  000038  000039         1       1  COMRAM  
                idataCOMRAM                    00FCB0  000002  00FCB2      FCB0       0  CODE    
                text1                          00FCB2  00001E  00FCD0      7E59       0  CODE    
                text0                          00FCD0  00001E  00FCEE      7E68       0  CODE    
                text4                          00FCEE  00002C  00FD1A      7E77       0  CODE    
                text3                          00FD1A  000032  00FD4C      7E8D       0  CODE    
                cinit                          00FD4C  000032  00FD7E      7EA6       0  CODE    
                text7                          00FD7E  000082  00FE00      7EBF       0  CODE    
                text2                          00FE00  0000D6  00FED6      7F00       0  CODE    
                text5                          00FED6  00012A  010000      7F6B       0  CODE    


UNUSED ADDRESS RANGES

        Name                Unused          Largest block    Delta
        BANK0            00060-000FF              A0
        BANK1            00100-001FF             100
        BANK10           00A00-00AFF             100
        BANK11           00B00-00BFF             100
        BANK12           00C00-00CFF             100
        BANK13           00D00-00DFF             100
        BANK14           00E00-00E40              41
        BANK2            00200-002FF             100
        BANK3            00300-003FF             100
        BANK4            00400-004FF             100
        BANK5            00500-005FF             100
        BANK6            00600-006FF             100
        BANK7            00700-007FF             100
        BANK8            00800-008FF             100
        BANK9            00900-009FF             100
        BIGRAM           00039-00E40             E08
        CODE             0007E-0FCAF            FC32
        COMRAM           00039-0005F              27
        CONFIG           300000-30000D               E
        CONST            0007E-0FCAF            FC32
        EEDATA           F00000-F003FF             400
        IDLOC            200000-200007               8
        MEDIUMCONST      00F00-0FCAF            EDB0
        RAM              00060-00E40             100
        SFR              00E41-00FFF              BF
        SMALLCONST       00F00-0FCAF             100

                                  Symbol Table

_Delay                                     
_ISR                     intcode      00000
__CFG_BBSIZ$BB2K         (abs)        00000
__CFG_BOREN$SBORDIS      (abs)        00000
__CFG_BORPWR$ZPBORMV     (abs)        00000
__CFG_BORV$3             (abs)        00000
__CFG_CANMX$PORTB        (abs)        00000
__CFG_CP0$OFF            (abs)        00000
__CFG_CP1$OFF            (abs)        00000
__CFG_CP2$OFF            (abs)        00000
__CFG_CP3$OFF            (abs)        00000
__CFG_CPB$OFF            (abs)        00000
__CFG_CPD$OFF            (abs)        00000
__CFG_EBTR0$OFF          (abs)        00000
__CFG_EBTR1$OFF          (abs)        00000
__CFG_EBTR2$OFF          (abs)        00000
__CFG_EBTR3$OFF          (abs)        00000
__CFG_EBTRB$OFF          (abs)        00000
__CFG_FCMEN$OFF          (abs)        00000
__CFG_FOSC$INTIO2        (abs)        00000
__CFG_IESO$OFF           (abs)        00000
__CFG_INTOSCSEL$HIGH     (abs)        00000
__CFG_MCLRE$ON           (abs)        00000
__CFG_MSSPMSK$MSK7       (abs)        00000
__CFG_PLLCFG$OFF         (abs)        00000
__CFG_PWRTEN$OFF         (abs)        00000
__CFG_RETEN$OFF          (abs)        00000
__CFG_SOSCSEL$HIGH       (abs)        00000
__CFG_STVREN$ON          (abs)        00000
__CFG_WDTEN$SWDTDIS      (abs)        00000
__CFG_WDTPS$1048576      (abs)        00000
__CFG_WRT0$OFF           (abs)        00000
__CFG_WRT1$OFF           (abs)        00000
__CFG_WRT2$OFF           (abs)        00000
__CFG_WRT3$OFF           (abs)        00000
__CFG_WRTB$OFF           (abs)        00000
__CFG_WRTC$OFF           (abs)        00000
__CFG_WRTD$OFF           (abs)        00000
__CFG_XINST$OFF          (abs)        00000
__HRAM                   (abs)        00000
__Habs1                  abs1         00000
__Hbank0                 bank0        00000
__Hbank1                 bank1        00000
__Hbank10                bank10       00000
__Hbank11                bank11       00000
__Hbank12                bank12       00000
__Hbank13                bank13       00000
__Hbank14                bank14       00000
__Hbank2                 bank2        00000
__Hbank3                 bank3        00000
__Hbank4                 bank4        00000
__Hbank5                 bank5        00000
__Hbank6                 bank6        00000
__Hbank7                 bank7        00000
__Hbank8                 bank8        00000
__Hbank9                 bank9        00000
__Hbigbss                bigbss       00000
__Hbigdata               bigdata      00000
__Hbigram                bigram       00000
__Hbss                   bss          00000
__HbssCOMRAM             bssCOMRAM    00000
__Hcinit                 cinit        00000
__Hclrtext               clrtext      00000
__Hcomram                comram       00000
__Hconfig                config       00000
__Hconst                 const        00000
__HcstackCOMRAM          cstackCOMRAM 00000
__Hdata                  data         00000
__HdataCOMRAM            dataCOMRAM   00000
__Heeprom_data           eeprom_data  00000
__Hfarbss                farbss       00000
__Hfardata               fardata      00000
__Hibigdata              ibigdata     00000
__Hidata                 idata        00000
__HidataCOMRAM           idataCOMRAM  00000
__Hidloc                 idloc        00000
__Hifardata              ifardata     00000
__Hintcode_body          intcode_body 00000
__Hintentry              intentry     00000
__Hintret                intret       00000
__Hintsave_regs          intsave_regs 00000
__Hirdata                irdata       00000
__Hmediumconst           mediumconst  00000
__HnvCOMRAM              nvCOMRAM     00000
__HnvFARRAM              nvFARRAM     00000
__Hnvbit                 nvbit        00000
__Hnvrram                nvrram       00000
__Hparam                 rparam       00000
__Hram                   ram          00000
__Hrbit                  rbit         00000
__Hrbss                  rbss         00000
__Hrdata                 rdata        00000
__Hreset_vec             reset_vec    00000
__Hrparam                rparam       00000
__Hsfr                   sfr          00000
__Hsmallconst            smallconst   00000
__Hspace_2               (abs)        00000
__Hstack                 stack        00000
__Hstruct                struct       00000
__Htext                  text         00000
__Htext0                 text0        00000
__Htext1                 text1        00000
__Htext2                 text2        00000
__Htext3                 text3        00000
__Htext4                 text4        00000
__Htext5                 text5        00000
__Htext7                 text7        00000
__Labs1                  abs1         00000
__Lbank0                 bank0        00000
__Lbank1                 bank1        00000
__Lbank10                bank10       00000
__Lbank11                bank11       00000
__Lbank12                bank12       00000
__Lbank13                bank13       00000
__Lbank14                bank14       00000
__Lbank2                 bank2        00000
__Lbank3                 bank3        00000
__Lbank4                 bank4        00000
__Lbank5                 bank5        00000
__Lbank6                 bank6        00000
__Lbank7                 bank7        00000
__Lbank8                 bank8        00000
__Lbank9                 bank9        00000
__Lbigbss                bigbss       00000
__Lbigdata               bigdata      00000
__Lbigram                bigram       00000
__Lbss                   bss          00000
__LbssCOMRAM             bssCOMRAM    00000
__Lcinit                 cinit        00000
__Lclrtext               clrtext      00000
__Lcomram                comram       00000
__Lconfig                config       00000
__Lconst                 const        00000
__LcstackCOMRAM          cstackCOMRAM 00000
__Ldata                  data         00000
__LdataCOMRAM            dataCOMRAM   00000
__Leeprom_data           eeprom_data  00000
__Lfarbss                farbss       00000
__Lfardata               fardata      00000
__Libigdata              ibigdata     00000
__Lidata                 idata        00000
__LidataCOMRAM           idataCOMRAM  00000
__Lidloc                 idloc        00000
__Lifardata              ifardata     00000
__Lintcode               intcode      00000
__Lintcode_body          intcode_body 00000
__Lintentry              intentry     00000
__Lintret                intret       00000
__Lintsave_regs          intsave_regs 00000
__Lirdata                irdata       00000
__Lmediumconst           mediumconst  00000
__LnvCOMRAM              nvCOMRAM     00000
__LnvFARRAM              nvFARRAM     00000
__Lnvbit                 nvbit        00000
__Lnvrram                nvrram       00000
__Lparam                 rparam       00000
__Lram                   ram          00000
__Lrbit                  rbit         00000
__Lrbss                  rbss         00000
__Lrdata                 rdata        00000
__Lreset_vec             reset_vec    00000
__Lrparam                rparam       00000
__Lsfr                   sfr          00000
__Lsmallconst            smallconst   00000
__Lspace_0               (abs)        00000
__Lspace_1               (abs)        00000
__Lspace_2               (abs)        00000
__Lstack                 stack        00000
__Lstruct                struct       00000
__Ltext                  text         00000
__Ltext0                 text0        00000
__Ltext1                 text1        00000
__Ltext2                 text2        00000
__Ltext3                 text3        00000
__Ltext4                 text4        00000
__Ltext5                 text5        00000
__Ltext7                 text7        00000
___inthi_sp              stack        00000
___intlo_sp              stack        00000
___sp                    stack        00000
__mediumconst            mediumconst  00000
__pintcode               intcode      00000
__size_of_CANSetup       (abs)        00000
__size_of_ECAN_Receive   (abs)        00000
__size_of_I2CSetup       (abs)        00000
__size_of_ISR            (abs)        00000
__size_of_InitDevice     (abs)        00000
__size_of_checkCAN       (abs)        00000
__size_of_checkI2C       (abs)        00000
__size_of_main           (abs)        00000
__smallconst             smallconst   00000
intlevel0                text         00000
intlevel1                text         00000
intlevel2                text         00000
intlevel3                text         00000
stackhi                  (abs)        00000
stacklo                  (abs)        00000
__LRAM                   (abs)        00001
___rparam_used           (abs)        00001
__pbssCOMRAM             bssCOMRAM    00001
_i2c_reg_map             bssCOMRAM    00001
__activetblptr           (abs)        00002
___param_bank            (abs)        00010
_heartbeatCount          bssCOMRAM    00011
_MOTOR_REG               bssCOMRAM    00013
_RECEIVE_ID              bssCOMRAM    00014
_buttonWasPressed        bssCOMRAM    00015
_i2c_byte_count          bssCOMRAM    00016
_i2c_reg_addr            bssCOMRAM    00017
_temp_D0                 bssCOMRAM    00018
_temp_D2                 bssCOMRAM    00019
_temp_D3                 bssCOMRAM    0001A
_temp_D4                 bssCOMRAM    0001B
_temp_D5                 bssCOMRAM    0001C
_temp_D6                 bssCOMRAM    0001D
_temp_D7                 bssCOMRAM    0001E
_temp_DLC                bssCOMRAM    0001F
_temp_EIDH               bssCOMRAM    00020
_temp_EIDL               bssCOMRAM    00021
_temp_SIDH               bssCOMRAM    00022
_temp_SIDL               bssCOMRAM    00023
__pcstackCOMRAM          cstackCOMRAM 00024
checkI2C@sspBuf          cstackCOMRAM 00024
ECAN_Receive@RXMsgFlag   cstackCOMRAM 00033
_Delay$0                 cstackCOMRAM 00033
_BATTERISTATUS_ID        dataCOMRAM   00035
__pdataCOMRAM            dataCOMRAM   00035
_MOTOR_ID                dataCOMRAM   00036
__pnvCOMRAM              nvCOMRAM     00037
_count                   nvCOMRAM     00037
__Ltemp                  temp         00038
btemp                    temp         00038
int$flags                temp         00038
__Hspace_1               (abs)        00039
__Htemp                  temp         00039
__S1                     (abs)        00039
__accesstop              (abs)        00060
__Hinit                  init         0007A
__Hintcode               intcode      0007A
__Hintcodelo             intcodelo    0007A
__Hpowerup               powerup      0007A
__Lend_init              end_init     0007A
__Linit                  init         0007A
__Lintcodelo             intcodelo    0007A
__Lpowerup               powerup      0007A
__end_of_ISR             intcode      0007A
start                    init         0007A
__Hend_init              end_init     0007E
_BRGCON1                 (abs)        00E43
_BRGCON2                 (abs)        00E44
_BRGCON3                 (abs)        00E45
_RXFCON0                 (abs)        00E46
_RXFCON1                 (abs)        00E47
_RXFBCON0                (abs)        00E71
_RXFBCON1                (abs)        00E72
_RXFBCON2                (abs)        00E73
_RXFBCON3                (abs)        00E74
_RXFBCON4                (abs)        00E75
_RXFBCON5                (abs)        00E76
_RXFBCON6                (abs)        00E77
_RXFBCON7                (abs)        00E78
_MSEL0                   (abs)        00E79
_MSEL1                   (abs)        00E7A
_MSEL2                   (abs)        00E7B
_MSEL3                   (abs)        00E7C
_BSEL0                   (abs)        00E7D
_B0CONbits               (abs)        00E80
_B0SIDH                  (abs)        00E81
_B0SIDL                  (abs)        00E82
_B0EIDH                  (abs)        00E83
_B0EIDL                  (abs)        00E84
_B0DLC                   (abs)        00E85
_B0D0                    (abs)        00E86
_B0D1                    (abs)        00E87
_B0D2                    (abs)        00E88
_B0D3                    (abs)        00E89
_B0D4                    (abs)        00E8A
_B0D5                    (abs)        00E8B
_B0D6                    (abs)        00E8C
_B0D7                    (abs)        00E8D
_RXF0SIDH                (abs)        00EE0
_RXF0SIDL                (abs)        00EE1
_RXF0EIDH                (abs)        00EE2
_RXF0EIDL                (abs)        00EE3
_RXF1SIDH                (abs)        00EE4
_RXF1SIDL                (abs)        00EE5
_RXF1EIDH                (abs)        00EE6
_RXF1EIDL                (abs)        00EE7
_RXF2SIDH                (abs)        00EE8
_RXF2SIDL                (abs)        00EE9
_RXF2EIDH                (abs)        00EEA
_RXF2EIDL                (abs)        00EEB
_RXM0SIDH                (abs)        00EF8
_RXM0SIDL                (abs)        00EF9
_RXM0EIDH                (abs)        00EFA
_RXM0EIDL                (abs)        00EFB
_RXM1SIDH                (abs)        00EFC
_RXM1SIDL                (abs)        00EFD
_RXM1EIDH                (abs)        00EFE
_RXM1EIDL                (abs)        00EFF
__Hramtop                ramtop       00F00
__Lramtop                ramtop       00F00
__ramtop                 ramtop       00F00
_TXB0CONbits             (abs)        00F20
_TXB0SIDH                (abs)        00F21
_TXB0SIDL                (abs)        00F22
_TXB0EIDH                (abs)        00F23
_TXB0EIDL                (abs)        00F24
_TXB0DLC                 (abs)        00F25
_TXB0D0                  (abs)        00F26
_TXB0D1                  (abs)        00F27
_TXB0D2                  (abs)        00F28
_TXB0D3                  (abs)        00F29
_TXB0D4                  (abs)        00F2A
_TXB0D5                  (abs)        00F2B
_TXB0D6                  (abs)        00F2C
_TXB0D7                  (abs)        00F2D
_RXB1CON                 (abs)        00F30
_RXB1CONbits             (abs)        00F30
_RXB1SIDH                (abs)        00F31
_RXB1SIDL                (abs)        00F32
_RXB1EIDH                (abs)        00F33
_RXB1EIDL                (abs)        00F34
_RXB1DLC                 (abs)        00F35
_RXB1D0                  (abs)        00F36
_RXB1D1                  (abs)        00F37
_RXB1D2                  (abs)        00F38
_RXB1D3                  (abs)        00F39
_RXB1D4                  (abs)        00F3A
_RXB1D5                  (abs)        00F3B
_RXB1D6                  (abs)        00F3C
_RXB1D7                  (abs)        00F3D
_ANCON1                  (abs)        00F5C
_ANCON0                  (abs)        00F5D
_RXB0CON                 (abs)        00F60
_RXB0CONbits             (abs)        00F60
_RXB0SIDH                (abs)        00F61
_RXB0SIDL                (abs)        00F62
_RXB0EIDH                (abs)        00F63
_RXB0EIDL                (abs)        00F64
_RXB0DLC                 (abs)        00F65
_RXB0D0                  (abs)        00F66
_RXB0D1                  (abs)        00F67
_RXB0D2                  (abs)        00F68
_RXB0D3                  (abs)        00F69
_RXB0D4                  (abs)        00F6A
_RXB0D5                  (abs)        00F6B
_RXB0D6                  (abs)        00F6C
_RXB0D7                  (abs)        00F6D
_CANSTATbits             (abs)        00F6E
_CANCON                  (abs)        00F6F
_ECANCON                 (abs)        00F72
_PIR5bits                (abs)        00F77
_LATAbits                (abs)        00F89
_TRISA                   (abs)        00F92
_TRISB                   (abs)        00F93
_TRISC                   (abs)        00F94
_OSCTUNEbits             (abs)        00F9B
_PIE1bits                (abs)        00F9D
_PIR1bits                (abs)        00F9E
_SSPCON2                 (abs)        00FC5
_SSPCON1                 (abs)        00FC6
_SSPCON1bits             (abs)        00FC6
_SSPSTAT                 (abs)        00FC7
_SSPSTATbits             (abs)        00FC7
_SSPADD                  (abs)        00FC8
_SSPBUF                  (abs)        00FC9
_OSCCON                  (abs)        00FD3
_OSCCONbits              (abs)        00FD3
_INTCONbits              (abs)        00FF2
__pidataCOMRAM           idataCOMRAM  0FCB0
__ptext1                 text1        0FCB2
_checkCAN                text1        0FCB2
__end_of_checkCAN        text1        0FCD0
__ptext0                 text0        0FCD0
_main                    text0        0FCD0
_I2CSetup                text4        0FCEE
__end_of_main            text0        0FCEE
__ptext4                 text4        0FCEE
_InitDevice              text3        0FD1A
__end_of_I2CSetup        text4        0FD1A
__ptext3                 text3        0FD1A
__end_of_InitDevice      text3        0FD4C
__initialization         cinit        0FD4C
__pcinit                 cinit        0FD4C
__end_of__initialization cinit        0FD70
__ptext7                 text7        0FD7E
_checkI2C                text7        0FD7E
_ECAN_Receive            text2        0FE00
__end_of_checkI2C        text7        0FE00
__ptext2                 text2        0FE00
_CANSetup                text5        0FED6
__end_of_ECAN_Receive    text2        0FED6
__ptext5                 text5        0FED6
__Hspace_0               (abs)        10000
__S0                     (abs)        10000
__end_of_CANSetup        text5        10000
end_of_initialization    cinit        0FD70
start_initialization     cinit        0FD4C
